Mar  5 06:19:03 team5linux kernel: [  108.956735] loop8: detected capacity change from 0 to 8
Mar  5 06:57:08 team5linux kernel: [ 2393.087373] show_signal_msg: 25 callbacks suppressed
Mar  5 06:57:08 team5linux kernel: [ 2393.087379] recursive.sh[1879]: segfault at 7ffdea35cff8 ip 00007fb884e5a900 sp 00007ffdea35d000 error 6 in libc-2.31.so[7fb884e06000+178000]
Mar  5 06:57:08 team5linux kernel: [ 2393.087391] Code: 89 fb 83 e3 02 0f 85 2f 04 00 00 f3 41 0f 6f 0e 49 8b 46 10 be 25 00 00 00 4c 89 ef 48 89 85 c8 fb ff ff 0f 11 8d b8 fb ff ff <e8> 8b ba fa ff 41 81 e7 00 80 00 00 c7 85 44 fb ff ff 00 00 00 00
Mar  6 14:55:22 team5linux kernel: [    0.000000] Linux version 5.15.0-1031-aws (buildd@lcy02-amd64-045) (gcc (Ubuntu 9.4.0-1ubuntu1~20.04.1) 9.4.0, GNU ld (GNU Binutils for Ubuntu) 2.34) #35~20.04.1-Ubuntu SMP Sat Feb 11 16:19:06 UTC 2023 (Ubuntu 5.15.0-1031.35~20.04.1-aws 5.15.85)
Mar  6 14:55:22 team5linux kernel: [    0.000000] Command line: BOOT_IMAGE=/boot/vmlinuz-5.15.0-1031-aws root=PARTUUID=b6f09fc9-a0ef-4282-a149-e9c131355c9f ro console=tty1 console=ttyS0 nvme_core.io_timeout=4294967295 panic=-1
Mar  6 14:55:22 team5linux kernel: [    0.000000] KERNEL supported cpus:
Mar  6 14:55:22 team5linux kernel: [    0.000000]   Intel GenuineIntel
Mar  6 14:55:22 team5linux kernel: [    0.000000]   AMD AuthenticAMD
Mar  6 14:55:22 team5linux kernel: [    0.000000]   Hygon HygonGenuine
Mar  6 14:55:22 team5linux kernel: [    0.000000]   Centaur CentaurHauls
Mar  6 14:55:22 team5linux kernel: [    0.000000]   zhaoxin   Shanghai  
Mar  6 14:55:22 team5linux kernel: [    0.000000] x86/fpu: Supporting XSAVE feature 0x001: 'x87 floating point registers'
Mar  6 14:55:22 team5linux kernel: [    0.000000] x86/fpu: Supporting XSAVE feature 0x002: 'SSE registers'
Mar  6 14:55:22 team5linux kernel: [    0.000000] x86/fpu: Supporting XSAVE feature 0x004: 'AVX registers'
Mar  6 14:55:22 team5linux kernel: [    0.000000] x86/fpu: xstate_offset[2]:  576, xstate_sizes[2]:  256
Mar  6 14:55:22 team5linux kernel: [    0.000000] x86/fpu: Enabled xstate features 0x7, context size is 832 bytes, using 'standard' format.
Mar  6 14:55:22 team5linux kernel: [    0.000000] signal: max sigframe size: 1776
Mar  6 14:55:22 team5linux kernel: [    0.000000] BIOS-provided physical RAM map:
Mar  6 14:55:22 team5linux kernel: [    0.000000] BIOS-e820: [mem 0x0000000000000000-0x000000000009dfff] usable
Mar  6 14:55:22 team5linux kernel: [    0.000000] BIOS-e820: [mem 0x000000000009e000-0x000000000009ffff] reserved
Mar  6 14:55:22 team5linux kernel: [    0.000000] BIOS-e820: [mem 0x00000000000e0000-0x00000000000fffff] reserved
Mar  6 14:55:22 team5linux kernel: [    0.000000] BIOS-e820: [mem 0x0000000000100000-0x00000000efffffff] usable
Mar  6 14:55:22 team5linux kernel: [    0.000000] BIOS-e820: [mem 0x00000000fc000000-0x00000000ffffffff] reserved
Mar  6 14:55:22 team5linux kernel: [    0.000000] BIOS-e820: [mem 0x0000000100000000-0x000000010fffffff] usable
Mar  6 14:55:22 team5linux kernel: [    0.000000] NX (Execute Disable) protection: active
Mar  6 14:55:22 team5linux kernel: [    0.000000] SMBIOS 2.7 present.
Mar  6 14:55:22 team5linux kernel: [    0.000000] DMI: Xen HVM domU, BIOS 4.11.amazon 08/24/2006
Mar  6 14:55:22 team5linux kernel: [    0.000000] Hypervisor detected: Xen HVM
Mar  6 14:55:22 team5linux kernel: [    0.000000] Xen version 4.11.
Mar  6 14:55:22 team5linux kernel: [    0.000000] platform_pci_unplug: Netfront and the Xen platform PCI driver have been compiled for this kernel: unplug emulated NICs.
Mar  6 14:55:22 team5linux kernel: [    0.000000] platform_pci_unplug: Blkfront and the Xen platform PCI driver have been compiled for this kernel: unplug emulated disks.
Mar  6 14:55:22 team5linux kernel: [    0.000000] You might have to change the root device
Mar  6 14:55:22 team5linux kernel: [    0.000000] from /dev/hd[a-d] to /dev/xvd[a-d]
Mar  6 14:55:22 team5linux kernel: [    0.000000] in your root= kernel command line option
Mar  6 14:55:22 team5linux kernel: [    0.000007] HVMOP_pagetable_dying not supported
Mar  6 14:55:22 team5linux kernel: [    0.021477] tsc: Fast TSC calibration using PIT
Mar  6 14:55:22 team5linux kernel: [    0.021481] tsc: Detected 2300.055 MHz processor
Mar  6 14:55:22 team5linux kernel: [    0.021483] tsc: Detected 2299.998 MHz TSC
Mar  6 14:55:22 team5linux kernel: [    0.021964] e820: update [mem 0x00000000-0x00000fff] usable ==> reserved
Mar  6 14:55:22 team5linux kernel: [    0.021970] e820: remove [mem 0x000a0000-0x000fffff] usable
Mar  6 14:55:22 team5linux kernel: [    0.021976] last_pfn = 0x110000 max_arch_pfn = 0x400000000
Mar  6 14:55:22 team5linux kernel: [    0.022022] x86/PAT: Configuration [0-7]: WB  WC  UC- UC  WB  WP  UC- WT  
Mar  6 14:55:22 team5linux kernel: [    0.022033] last_pfn = 0xf0000 max_arch_pfn = 0x400000000
Mar  6 14:55:22 team5linux kernel: [    0.029540] found SMP MP-table at [mem 0x000fb9a0-0x000fb9af]
Mar  6 14:55:22 team5linux kernel: [    0.029823] RAMDISK: [mem 0x372b3000-0x37950fff]
Mar  6 14:55:22 team5linux kernel: [    0.029829] ACPI: Early table checksum verification disabled
Mar  6 14:55:22 team5linux kernel: [    0.029834] ACPI: RSDP 0x00000000000EA020 000024 (v02 Xen   )
Mar  6 14:55:22 team5linux kernel: [    0.029841] ACPI: XSDT 0x00000000FC00C780 000054 (v01 Xen    HVM      00000000 HVML 00000000)
Mar  6 14:55:22 team5linux kernel: [    0.029848] ACPI: FACP 0x00000000FC00C440 0000F4 (v04 Xen    HVM      00000000 HVML 00000000)
Mar  6 14:55:22 team5linux kernel: [    0.029855] ACPI: DSDT 0x00000000FC003940 008A7E (v02 Xen    HVM      00000000 INTL 20090123)
Mar  6 14:55:22 team5linux kernel: [    0.029860] ACPI: FACS 0x00000000FC003900 000040
Mar  6 14:55:22 team5linux kernel: [    0.029863] ACPI: FACS 0x00000000FC003900 000040
Mar  6 14:55:22 team5linux kernel: [    0.029867] ACPI: APIC 0x00000000FC00C540 0000D8 (v02 Xen    HVM      00000000 HVML 00000000)
Mar  6 14:55:22 team5linux kernel: [    0.029871] ACPI: HPET 0x00000000FC00C690 000038 (v01 Xen    HVM      00000000 HVML 00000000)
Mar  6 14:55:22 team5linux kernel: [    0.029875] ACPI: WAET 0x00000000FC00C6D0 000028 (v01 Xen    HVM      00000000 HVML 00000000)
Mar  6 14:55:22 team5linux kernel: [    0.029879] ACPI: SSDT 0x00000000FC00C700 000031 (v02 Xen    HVM      00000000 INTL 20090123)
Mar  6 14:55:22 team5linux kernel: [    0.029883] ACPI: SSDT 0x00000000FC00C740 000033 (v02 Xen    HVM      00000000 INTL 20090123)
Mar  6 14:55:22 team5linux kernel: [    0.029887] ACPI: Reserving FACP table memory at [mem 0xfc00c440-0xfc00c533]
Mar  6 14:55:22 team5linux kernel: [    0.029889] ACPI: Reserving DSDT table memory at [mem 0xfc003940-0xfc00c3bd]
Mar  6 14:55:22 team5linux kernel: [    0.029890] ACPI: Reserving FACS table memory at [mem 0xfc003900-0xfc00393f]
Mar  6 14:55:22 team5linux kernel: [    0.029892] ACPI: Reserving FACS table memory at [mem 0xfc003900-0xfc00393f]
Mar  6 14:55:22 team5linux kernel: [    0.029893] ACPI: Reserving APIC table memory at [mem 0xfc00c540-0xfc00c617]
Mar  6 14:55:22 team5linux kernel: [    0.029895] ACPI: Reserving HPET table memory at [mem 0xfc00c690-0xfc00c6c7]
Mar  6 14:55:22 team5linux kernel: [    0.029896] ACPI: Reserving WAET table memory at [mem 0xfc00c6d0-0xfc00c6f7]
Mar  6 14:55:22 team5linux kernel: [    0.029897] ACPI: Reserving SSDT table memory at [mem 0xfc00c700-0xfc00c730]
Mar  6 14:55:22 team5linux kernel: [    0.029899] ACPI: Reserving SSDT table memory at [mem 0xfc00c740-0xfc00c772]
Mar  6 14:55:22 team5linux kernel: [    0.032595] No NUMA configuration found
Mar  6 14:55:22 team5linux kernel: [    0.032600] Faking a node at [mem 0x0000000000000000-0x000000010fffffff]
Mar  6 14:55:22 team5linux kernel: [    0.032612] NODE_DATA(0) allocated [mem 0x10ffd6000-0x10fffffff]
Mar  6 14:55:22 team5linux kernel: [    0.032905] Zone ranges:
Mar  6 14:55:22 team5linux kernel: [    0.032907]   DMA      [mem 0x0000000000001000-0x0000000000ffffff]
Mar  6 14:55:22 team5linux kernel: [    0.032910]   DMA32    [mem 0x0000000001000000-0x00000000ffffffff]
Mar  6 14:55:22 team5linux kernel: [    0.032913]   Normal   [mem 0x0000000100000000-0x000000010fffffff]
Mar  6 14:55:22 team5linux kernel: [    0.032915]   Device   empty
Mar  6 14:55:22 team5linux kernel: [    0.032916] Movable zone start for each node
Mar  6 14:55:22 team5linux kernel: [    0.032920] Early memory node ranges
Mar  6 14:55:22 team5linux kernel: [    0.032921]   node   0: [mem 0x0000000000001000-0x000000000009dfff]
Mar  6 14:55:22 team5linux kernel: [    0.032923]   node   0: [mem 0x0000000000100000-0x00000000efffffff]
Mar  6 14:55:22 team5linux kernel: [    0.032925]   node   0: [mem 0x0000000100000000-0x000000010fffffff]
Mar  6 14:55:22 team5linux kernel: [    0.032927] Initmem setup node 0 [mem 0x0000000000001000-0x000000010fffffff]
Mar  6 14:55:22 team5linux kernel: [    0.032938] On node 0, zone DMA: 1 pages in unavailable ranges
Mar  6 14:55:22 team5linux kernel: [    0.032977] On node 0, zone DMA: 98 pages in unavailable ranges
Mar  6 14:55:22 team5linux kernel: [    0.044950] ACPI: PM-Timer IO Port: 0xb008
Mar  6 14:55:22 team5linux kernel: [    0.045022] IOAPIC[0]: apic_id 1, version 17, address 0xfec00000, GSI 0-47
Mar  6 14:55:22 team5linux kernel: [    0.045027] ACPI: INT_SRC_OVR (bus 0 bus_irq 0 global_irq 2 dfl dfl)
Mar  6 14:55:22 team5linux kernel: [    0.045030] ACPI: INT_SRC_OVR (bus 0 bus_irq 5 global_irq 5 low level)
Mar  6 14:55:22 team5linux kernel: [    0.045032] ACPI: INT_SRC_OVR (bus 0 bus_irq 10 global_irq 10 low level)
Mar  6 14:55:22 team5linux kernel: [    0.045034] ACPI: INT_SRC_OVR (bus 0 bus_irq 11 global_irq 11 low level)
Mar  6 14:55:22 team5linux kernel: [    0.045038] ACPI: Using ACPI (MADT) for SMP configuration information
Mar  6 14:55:22 team5linux kernel: [    0.045041] ACPI: HPET id: 0x8086a201 base: 0xfed00000
Mar  6 14:55:22 team5linux kernel: [    0.045046] TSC deadline timer available
Mar  6 14:55:22 team5linux kernel: [    0.045055] smpboot: Allowing 15 CPUs, 13 hotplug CPUs
Mar  6 14:55:22 team5linux kernel: [    0.045066] PM: hibernation: Registered nosave memory: [mem 0x00000000-0x00000fff]
Mar  6 14:55:22 team5linux kernel: [    0.045069] PM: hibernation: Registered nosave memory: [mem 0x0009e000-0x0009ffff]
Mar  6 14:55:22 team5linux kernel: [    0.045071] PM: hibernation: Registered nosave memory: [mem 0x000a0000-0x000dffff]
Mar  6 14:55:22 team5linux kernel: [    0.045073] PM: hibernation: Registered nosave memory: [mem 0x000e0000-0x000fffff]
Mar  6 14:55:22 team5linux kernel: [    0.045075] PM: hibernation: Registered nosave memory: [mem 0xf0000000-0xfbffffff]
Mar  6 14:55:22 team5linux kernel: [    0.045076] PM: hibernation: Registered nosave memory: [mem 0xfc000000-0xffffffff]
Mar  6 14:55:22 team5linux kernel: [    0.045079] [mem 0xf0000000-0xfbffffff] available for PCI devices
Mar  6 14:55:22 team5linux kernel: [    0.045081] Booting paravirtualized kernel on Xen HVM
Mar  6 14:55:22 team5linux kernel: [    0.045084] clocksource: refined-jiffies: mask: 0xffffffff max_cycles: 0xffffffff, max_idle_ns: 7645519600211568 ns
Mar  6 14:55:22 team5linux kernel: [    0.045093] setup_percpu: NR_CPUS:8192 nr_cpumask_bits:15 nr_cpu_ids:15 nr_node_ids:1
Mar  6 14:55:22 team5linux kernel: [    0.046098] percpu: Embedded 60 pages/cpu s208896 r8192 d28672 u262144
Mar  6 14:55:22 team5linux kernel: [    0.046105] pcpu-alloc: s208896 r8192 d28672 u262144 alloc=1*2097152
Mar  6 14:55:22 team5linux kernel: [    0.046108] pcpu-alloc: [0] 00 01 02 03 04 05 06 07 [0] 08 09 10 11 12 13 14 -- 
Mar  6 14:55:22 team5linux kernel: [    0.046150] xen: PV spinlocks enabled
Mar  6 14:55:22 team5linux kernel: [    0.046152] PV qspinlock hash table entries: 256 (order: 0, 4096 bytes, linear)
Mar  6 14:55:22 team5linux kernel: [    0.046160] Built 1 zonelists, mobility grouping on.  Total pages: 1031936
Mar  6 14:55:22 team5linux kernel: [    0.046162] Policy zone: Normal
Mar  6 14:55:22 team5linux kernel: [    0.046164] Kernel command line: BOOT_IMAGE=/boot/vmlinuz-5.15.0-1031-aws root=PARTUUID=b6f09fc9-a0ef-4282-a149-e9c131355c9f ro console=tty1 console=ttyS0 nvme_core.io_timeout=4294967295 panic=-1
Mar  6 14:55:22 team5linux kernel: [    0.046240] Unknown kernel command line parameters "BOOT_IMAGE=/boot/vmlinuz-5.15.0-1031-aws", will be passed to user space.
Mar  6 14:55:22 team5linux kernel: [    0.047027] Dentry cache hash table entries: 524288 (order: 10, 4194304 bytes, linear)
Mar  6 14:55:22 team5linux kernel: [    0.047417] Inode-cache hash table entries: 262144 (order: 9, 2097152 bytes, linear)
Mar  6 14:55:22 team5linux kernel: [    0.047587] mem auto-init: stack:off, heap alloc:on, heap free:off
Mar  6 14:55:22 team5linux kernel: [    0.080398] Memory: 3999308K/4193908K available (16393K kernel code, 4382K rwdata, 10852K rodata, 3240K init, 6560K bss, 194340K reserved, 0K cma-reserved)
Mar  6 14:55:22 team5linux kernel: [    0.080769] SLUB: HWalign=64, Order=0-3, MinObjects=0, CPUs=15, Nodes=1
Mar  6 14:55:22 team5linux kernel: [    0.080790] Kernel/User page tables isolation: enabled
Mar  6 14:55:22 team5linux kernel: [    0.080811] ftrace: allocating 50241 entries in 197 pages
Mar  6 14:55:22 team5linux kernel: [    0.108022] ftrace: allocated 197 pages with 4 groups
Mar  6 14:55:22 team5linux kernel: [    0.108275] rcu: Hierarchical RCU implementation.
Mar  6 14:55:22 team5linux kernel: [    0.108278] rcu: 	RCU restricting CPUs from NR_CPUS=8192 to nr_cpu_ids=15.
Mar  6 14:55:22 team5linux kernel: [    0.108280] 	Rude variant of Tasks RCU enabled.
Mar  6 14:55:22 team5linux kernel: [    0.108281] 	Tracing variant of Tasks RCU enabled.
Mar  6 14:55:22 team5linux kernel: [    0.108282] rcu: RCU calculated value of scheduler-enlistment delay is 25 jiffies.
Mar  6 14:55:22 team5linux kernel: [    0.108284] rcu: Adjusting geometry for rcu_fanout_leaf=16, nr_cpu_ids=15
Mar  6 14:55:22 team5linux kernel: [    0.113137] NR_IRQS: 524544, nr_irqs: 952, preallocated irqs: 16
Mar  6 14:55:22 team5linux kernel: [    0.113182] xen:events: Using 2-level ABI
Mar  6 14:55:22 team5linux kernel: [    0.113244] xen:events: Xen HVM callback vector for event delivery is enabled
Mar  6 14:55:22 team5linux kernel: [    0.113399] random: crng init done
Mar  6 14:55:22 team5linux kernel: [    0.224972] Console: colour VGA+ 80x25
Mar  6 14:55:22 team5linux kernel: [    0.364450] printk: console [tty1] enabled
Mar  6 14:55:22 team5linux kernel: [    0.365789] Cannot get hvm parameter CONSOLE_EVTCHN (18): -22!
Mar  6 14:55:22 team5linux kernel: [    1.152219] printk: console [ttyS0] enabled
Mar  6 14:55:22 team5linux kernel: [    1.171333] ACPI: Core revision 20210730
Mar  6 14:55:22 team5linux kernel: [    1.177543] clocksource: hpet: mask: 0xffffffff max_cycles: 0xffffffff, max_idle_ns: 30580167144 ns
Mar  6 14:55:22 team5linux kernel: [    1.191156] APIC: Switch to symmetric I/O mode setup
Mar  6 14:55:22 team5linux kernel: [    1.198088] x2apic: IRQ remapping doesn't support X2APIC mode
Mar  6 14:55:22 team5linux kernel: [    1.206512] Switched APIC routing to physical flat.
Mar  6 14:55:22 team5linux kernel: [    1.214643] ..TIMER: vector=0x30 apic1=0 pin1=2 apic2=0 pin2=0
Mar  6 14:55:22 team5linux kernel: [    1.238113] clocksource: tsc-early: mask: 0xffffffffffffffff max_cycles: 0x212733415c7, max_idle_ns: 440795236380 ns
Mar  6 14:55:22 team5linux kernel: [    1.248488] Calibrating delay loop (skipped), value calculated using timer frequency.. 4599.99 BogoMIPS (lpj=9199992)
Mar  6 14:55:22 team5linux kernel: [    1.260486] pid_max: default: 32768 minimum: 301
Mar  6 14:55:22 team5linux kernel: [    1.264549] LSM: Security Framework initializing
Mar  6 14:55:22 team5linux kernel: [    1.272514] landlock: Up and running.
Mar  6 14:55:22 team5linux kernel: [    1.292486] Yama: becoming mindful.
Mar  6 14:55:22 team5linux kernel: [    1.296544] AppArmor: AppArmor initialized
Mar  6 14:55:22 team5linux kernel: [    1.300566] Mount-cache hash table entries: 8192 (order: 4, 65536 bytes, linear)
Mar  6 14:55:22 team5linux kernel: [    1.312497] Mountpoint-cache hash table entries: 8192 (order: 4, 65536 bytes, linear)
Mar  6 14:55:22 team5linux kernel: [    1.324922] Last level iTLB entries: 4KB 64, 2MB 8, 4MB 8
Mar  6 14:55:22 team5linux kernel: [    1.328487] Last level dTLB entries: 4KB 64, 2MB 0, 4MB 0, 1GB 4
Mar  6 14:55:22 team5linux kernel: [    1.336490] Spectre V1 : Mitigation: usercopy/swapgs barriers and __user pointer sanitization
Mar  6 14:55:22 team5linux kernel: [    1.340487] Spectre V2 : Mitigation: Retpolines
Mar  6 14:55:22 team5linux kernel: [    1.348484] Spectre V2 : Spectre v2 / SpectreRSB mitigation: Filling RSB on context switch
Mar  6 14:55:22 team5linux kernel: [    1.356484] Spectre V2 : Spectre v2 / SpectreRSB : Filling RSB on VMEXIT
Mar  6 14:55:22 team5linux kernel: [    1.364485] Speculative Store Bypass: Vulnerable
Mar  6 14:55:22 team5linux kernel: [    1.372495] MDS: Vulnerable: Clear CPU buffers attempted, no microcode
Mar  6 14:55:22 team5linux kernel: [    1.392486] MMIO Stale Data: Vulnerable: Clear CPU buffers attempted, no microcode
Mar  6 14:55:22 team5linux kernel: [    1.426206] Freeing SMP alternatives memory: 40K
Mar  6 14:55:22 team5linux kernel: [    1.428617] clocksource: xen: mask: 0xffffffffffffffff max_cycles: 0x1cd42e4dffb, max_idle_ns: 881590591483 ns
Mar  6 14:55:22 team5linux kernel: [    1.440507] Xen: using vcpuop timer interface
Mar  6 14:55:22 team5linux kernel: [    1.440517] installing Xen timer for CPU 0
Mar  6 14:55:22 team5linux kernel: [    1.444590] smpboot: CPU0: Intel(R) Xeon(R) CPU E5-2686 v4 @ 2.30GHz (family: 0x6, model: 0x4f, stepping: 0x1)
Mar  6 14:55:22 team5linux kernel: [    1.448542] cpu 0 spinlock event irq 53
Mar  6 14:55:22 team5linux kernel: [    1.452746] Performance Events: unsupported p6 CPU model 79 no PMU driver, software events only.
Mar  6 14:55:22 team5linux kernel: [    1.456575] rcu: Hierarchical SRCU implementation.
Mar  6 14:55:22 team5linux kernel: [    1.461001] NMI watchdog: Perf NMI watchdog permanently disabled
Mar  6 14:55:22 team5linux kernel: [    1.464809] smp: Bringing up secondary CPUs ...
Mar  6 14:55:22 team5linux kernel: [    1.468652] installing Xen timer for CPU 1
Mar  6 14:55:22 team5linux kernel: [    1.472018] x86: Booting SMP configuration:
Mar  6 14:55:22 team5linux kernel: [    1.472505] .... node  #0, CPUs:        #1
Mar  6 14:55:22 team5linux kernel: [    1.475278] cpu 1 spinlock event irq 59
Mar  6 14:55:22 team5linux kernel: [    1.484583] smp: Brought up 1 node, 2 CPUs
Mar  6 14:55:22 team5linux kernel: [    1.488497] smpboot: Max logical packages: 8
Mar  6 14:55:22 team5linux kernel: [    1.492492] smpboot: Total of 2 processors activated (9199.99 BogoMIPS)
Mar  6 14:55:22 team5linux kernel: [    1.496985] devtmpfs: initialized
Mar  6 14:55:22 team5linux kernel: [    1.500545] x86/mm: Memory block size: 128MB
Mar  6 14:55:22 team5linux kernel: [    1.504833] clocksource: jiffies: mask: 0xffffffff max_cycles: 0xffffffff, max_idle_ns: 7645041785100000 ns
Mar  6 14:55:22 team5linux kernel: [    1.508568] futex hash table entries: 4096 (order: 6, 262144 bytes, linear)
Mar  6 14:55:22 team5linux kernel: [    1.512653] pinctrl core: initialized pinctrl subsystem
Mar  6 14:55:22 team5linux kernel: [    1.516666] PM: RTC time: 14:53:43, date: 2023-03-06
Mar  6 14:55:22 team5linux kernel: [    1.520750] NET: Registered PF_NETLINK/PF_ROUTE protocol family
Mar  6 14:55:22 team5linux kernel: [    1.524767] DMA: preallocated 512 KiB GFP_KERNEL pool for atomic allocations
Mar  6 14:55:22 team5linux kernel: [    1.528619] DMA: preallocated 512 KiB GFP_KERNEL|GFP_DMA pool for atomic allocations
Mar  6 14:55:22 team5linux kernel: [    1.532625] DMA: preallocated 512 KiB GFP_KERNEL|GFP_DMA32 pool for atomic allocations
Mar  6 14:55:22 team5linux kernel: [    1.536512] audit: initializing netlink subsys (disabled)
Mar  6 14:55:22 team5linux kernel: [    1.540576] audit: type=2000 audit(1678114423.132:1): state=initialized audit_enabled=0 res=1
Mar  6 14:55:22 team5linux kernel: [    1.540697] thermal_sys: Registered thermal governor 'fair_share'
Mar  6 14:55:22 team5linux kernel: [    1.544495] thermal_sys: Registered thermal governor 'bang_bang'
Mar  6 14:55:22 team5linux kernel: [    1.548492] thermal_sys: Registered thermal governor 'step_wise'
Mar  6 14:55:22 team5linux kernel: [    1.552492] thermal_sys: Registered thermal governor 'user_space'
Mar  6 14:55:22 team5linux kernel: [    1.556491] thermal_sys: Registered thermal governor 'power_allocator'
Mar  6 14:55:22 team5linux kernel: [    1.560513] EISA bus registered
Mar  6 14:55:22 team5linux kernel: [    1.568112] cpuidle: using governor ladder
Mar  6 14:55:22 team5linux kernel: [    1.568501] cpuidle: using governor menu
Mar  6 14:55:22 team5linux kernel: [    1.572557] ACPI: bus type PCI registered
Mar  6 14:55:22 team5linux kernel: [    1.576492] acpiphp: ACPI Hot Plug PCI Controller Driver version: 0.5
Mar  6 14:55:22 team5linux kernel: [    1.581349] PCI: Using configuration type 1 for base access
Mar  6 14:55:22 team5linux kernel: [    1.586171] Kprobes globally optimized
Mar  6 14:55:22 team5linux kernel: [    1.588559] HugeTLB registered 2.00 MiB page size, pre-allocated 0 pages
Mar  6 14:55:22 team5linux kernel: [    1.592609] ACPI: Added _OSI(Module Device)
Mar  6 14:55:22 team5linux kernel: [    1.596517] ACPI: Added _OSI(Processor Device)
Mar  6 14:55:22 team5linux kernel: [    1.600505] ACPI: Added _OSI(3.0 _SCP Extensions)
Mar  6 14:55:22 team5linux kernel: [    1.604498] ACPI: Added _OSI(Processor Aggregator Device)
Mar  6 14:55:22 team5linux kernel: [    1.608503] ACPI: Added _OSI(Linux-Dell-Video)
Mar  6 14:55:22 team5linux kernel: [    1.612501] ACPI: Added _OSI(Linux-Lenovo-NV-HDMI-Audio)
Mar  6 14:55:22 team5linux kernel: [    1.616497] ACPI: Added _OSI(Linux-HPI-Hybrid-Graphics)
Mar  6 14:55:22 team5linux kernel: [    1.626517] ACPI: 3 ACPI AML tables successfully acquired and loaded
Mar  6 14:55:22 team5linux kernel: [    1.629400] xen: --> pirq=16 -> irq=9 (gsi=9)
Mar  6 14:55:22 team5linux kernel: [    1.630761] ACPI: Interpreter enabled
Mar  6 14:55:22 team5linux kernel: [    1.632509] ACPI: PM: (supports S0 S4 S5)
Mar  6 14:55:22 team5linux kernel: [    1.636493] ACPI: Using IOAPIC for interrupt routing
Mar  6 14:55:22 team5linux kernel: [    1.640550] PCI: Using host bridge windows from ACPI; if necessary, use "pci=nocrs" and report a bug
Mar  6 14:55:22 team5linux kernel: [    1.644496] PCI: Using E820 reservations for host bridge windows
Mar  6 14:55:22 team5linux kernel: [    1.649059] ACPI: Enabled 2 GPEs in block 00 to 0F
Mar  6 14:55:22 team5linux kernel: [    1.685544] ACPI: PCI Root Bridge [PCI0] (domain 0000 [bus 00-ff])
Mar  6 14:55:22 team5linux kernel: [    1.688507] acpi PNP0A03:00: _OSC: OS supports [ASPM ClockPM Segments MSI EDR HPX-Type3]
Mar  6 14:55:22 team5linux kernel: [    1.692522] acpi PNP0A03:00: fail to add MMCONFIG information, can't access extended PCI configuration space under this bridge.
Mar  6 14:55:22 team5linux kernel: [    1.698103] acpiphp: Slot [0] registered
Mar  6 14:55:22 team5linux kernel: [    1.702872] acpiphp: Slot [3] registered
Mar  6 14:55:22 team5linux kernel: [    1.705102] acpiphp: Slot [4] registered
Mar  6 14:55:22 team5linux kernel: [    1.709043] acpiphp: Slot [5] registered
Mar  6 14:55:22 team5linux kernel: [    1.712953] acpiphp: Slot [6] registered
Mar  6 14:55:22 team5linux kernel: [    1.716812] acpiphp: Slot [7] registered
Mar  6 14:55:22 team5linux kernel: [    1.720981] acpiphp: Slot [8] registered
Mar  6 14:55:22 team5linux kernel: [    1.725011] acpiphp: Slot [9] registered
Mar  6 14:55:22 team5linux kernel: [    1.729169] acpiphp: Slot [10] registered
Mar  6 14:55:22 team5linux kernel: [    1.733327] acpiphp: Slot [11] registered
Mar  6 14:55:22 team5linux kernel: [    1.737199] acpiphp: Slot [12] registered
Mar  6 14:55:22 team5linux kernel: [    1.741194] acpiphp: Slot [13] registered
Mar  6 14:55:22 team5linux kernel: [    1.745122] acpiphp: Slot [14] registered
Mar  6 14:55:22 team5linux kernel: [    1.749228] acpiphp: Slot [15] registered
Mar  6 14:55:22 team5linux kernel: [    1.753117] acpiphp: Slot [16] registered
Mar  6 14:55:22 team5linux kernel: [    1.757273] acpiphp: Slot [17] registered
Mar  6 14:55:22 team5linux kernel: [    1.761357] acpiphp: Slot [18] registered
Mar  6 14:55:22 team5linux kernel: [    1.765167] acpiphp: Slot [19] registered
Mar  6 14:55:22 team5linux kernel: [    1.769195] acpiphp: Slot [20] registered
Mar  6 14:55:22 team5linux kernel: [    1.772914] acpiphp: Slot [21] registered
Mar  6 14:55:22 team5linux kernel: [    1.777281] acpiphp: Slot [22] registered
Mar  6 14:55:22 team5linux kernel: [    1.781140] acpiphp: Slot [23] registered
Mar  6 14:55:22 team5linux kernel: [    1.785037] acpiphp: Slot [24] registered
Mar  6 14:55:22 team5linux kernel: [    1.789144] acpiphp: Slot [25] registered
Mar  6 14:55:22 team5linux kernel: [    1.792907] acpiphp: Slot [26] registered
Mar  6 14:55:22 team5linux kernel: [    1.796886] acpiphp: Slot [27] registered
Mar  6 14:55:22 team5linux kernel: [    1.800754] acpiphp: Slot [28] registered
Mar  6 14:55:22 team5linux kernel: [    1.804750] acpiphp: Slot [29] registered
Mar  6 14:55:22 team5linux kernel: [    1.808969] acpiphp: Slot [30] registered
Mar  6 14:55:22 team5linux kernel: [    1.813018] acpiphp: Slot [31] registered
Mar  6 14:55:22 team5linux kernel: [    1.816951] PCI host bridge to bus 0000:00
Mar  6 14:55:22 team5linux kernel: [    1.820494] pci_bus 0000:00: root bus resource [bus 00-ff]
Mar  6 14:55:22 team5linux kernel: [    1.824497] pci_bus 0000:00: root bus resource [io  0x0000-0x0cf7 window]
Mar  6 14:55:22 team5linux kernel: [    1.828493] pci_bus 0000:00: root bus resource [io  0x0d00-0xffff window]
Mar  6 14:55:22 team5linux kernel: [    1.832493] pci_bus 0000:00: root bus resource [mem 0x000a0000-0x000bffff window]
Mar  6 14:55:22 team5linux kernel: [    1.836493] pci_bus 0000:00: root bus resource [mem 0xf0000000-0xfbffffff window]
Mar  6 14:55:22 team5linux kernel: [    1.841577] pci 0000:00:00.0: [8086:1237] type 00 class 0x060000
Mar  6 14:55:22 team5linux kernel: [    1.849308] pci 0000:00:01.0: [8086:7000] type 00 class 0x060100
Mar  6 14:55:22 team5linux kernel: [    1.856098] pci 0000:00:01.1: [8086:7010] type 00 class 0x010180
Mar  6 14:55:22 team5linux kernel: [    1.858608] pci 0000:00:01.1: reg 0x20: [io  0xc100-0xc10f]
Mar  6 14:55:22 team5linux kernel: [    1.861215] pci 0000:00:01.1: legacy IDE quirk: reg 0x10: [io  0x01f0-0x01f7]
Mar  6 14:55:22 team5linux kernel: [    1.864492] pci 0000:00:01.1: legacy IDE quirk: reg 0x14: [io  0x03f6]
Mar  6 14:55:22 team5linux kernel: [    1.868493] pci 0000:00:01.1: legacy IDE quirk: reg 0x18: [io  0x0170-0x0177]
Mar  6 14:55:22 team5linux kernel: [    1.872493] pci 0000:00:01.1: legacy IDE quirk: reg 0x1c: [io  0x0376]
Mar  6 14:55:22 team5linux kernel: [    1.878443] * Found PM-Timer Bug on the chipset. Due to workarounds for a bug,
Mar  6 14:55:22 team5linux kernel: [    1.878443] * this clock source is slow. Consider trying other clock sources
Mar  6 14:55:22 team5linux kernel: [    1.880495] pci 0000:00:01.3: [8086:7113] type 00 class 0x068000
Mar  6 14:55:22 team5linux kernel: [    1.887039] pci 0000:00:01.3: quirk: [io  0xb000-0xb03f] claimed by PIIX4 ACPI
Mar  6 14:55:22 team5linux kernel: [    1.890987] pci 0000:00:02.0: [1013:00b8] type 00 class 0x030000
Mar  6 14:55:22 team5linux kernel: [    1.893818] pci 0000:00:02.0: reg 0x10: [mem 0xf0000000-0xf1ffffff pref]
Mar  6 14:55:22 team5linux kernel: [    1.896847] pci 0000:00:02.0: reg 0x14: [mem 0xf3000000-0xf3000fff]
Mar  6 14:55:22 team5linux kernel: [    1.906508] pci 0000:00:02.0: Video device with shadowed ROM at [mem 0x000c0000-0x000dffff]
Mar  6 14:55:22 team5linux kernel: [    1.910812] pci 0000:00:03.0: [5853:0001] type 00 class 0xff8000
Mar  6 14:55:22 team5linux kernel: [    1.914063] pci 0000:00:03.0: reg 0x10: [io  0xc000-0xc0ff]
Mar  6 14:55:22 team5linux kernel: [    1.917175] pci 0000:00:03.0: reg 0x14: [mem 0xf2000000-0xf2ffffff pref]
Mar  6 14:55:22 team5linux kernel: [    1.932218] ACPI: PCI: Interrupt link LNKA configured for IRQ 5
Mar  6 14:55:22 team5linux kernel: [    1.933005] ACPI: PCI: Interrupt link LNKB configured for IRQ 10
Mar  6 14:55:22 team5linux kernel: [    1.936983] ACPI: PCI: Interrupt link LNKC configured for IRQ 11
Mar  6 14:55:22 team5linux kernel: [    1.940869] ACPI: PCI: Interrupt link LNKD configured for IRQ 5
Mar  6 14:55:22 team5linux kernel: [    1.961149] xen:balloon: Initialising balloon driver
Mar  6 14:55:22 team5linux kernel: [    1.964563] iommu: Default domain type: Translated 
Mar  6 14:55:22 team5linux kernel: [    1.968495] iommu: DMA domain TLB invalidation policy: lazy mode 
Mar  6 14:55:22 team5linux kernel: [    1.972726] SCSI subsystem initialized
Mar  6 14:55:22 team5linux kernel: [    1.976531] libata version 3.00 loaded.
Mar  6 14:55:22 team5linux kernel: [    1.976578] pci 0000:00:02.0: vgaarb: setting as boot VGA device
Mar  6 14:55:22 team5linux kernel: [    1.980483] pci 0000:00:02.0: vgaarb: VGA device added: decodes=io+mem,owns=io+mem,locks=none
Mar  6 14:55:22 team5linux kernel: [    1.992498] pci 0000:00:02.0: vgaarb: bridge control possible
Mar  6 14:55:22 team5linux kernel: [    2.000491] vgaarb: loaded
Mar  6 14:55:22 team5linux kernel: [    2.004186] ACPI: bus type USB registered
Mar  6 14:55:22 team5linux kernel: [    2.008524] usbcore: registered new interface driver usbfs
Mar  6 14:55:22 team5linux kernel: [    2.016513] usbcore: registered new interface driver hub
Mar  6 14:55:22 team5linux kernel: [    2.024515] usbcore: registered new device driver usb
Mar  6 14:55:22 team5linux kernel: [    2.028538] pps_core: LinuxPPS API ver. 1 registered
Mar  6 14:55:22 team5linux kernel: [    2.036491] pps_core: Software ver. 5.3.6 - Copyright 2005-2007 Rodolfo Giometti <giometti@linux.it>
Mar  6 14:55:22 team5linux kernel: [    2.048513] PTP clock support registered
Mar  6 14:55:22 team5linux kernel: [    2.052544] EDAC MC: Ver: 3.0.0
Mar  6 14:55:22 team5linux kernel: [    2.060745] NetLabel: Initializing
Mar  6 14:55:22 team5linux kernel: [    2.064493] NetLabel:  domain hash size = 128
Mar  6 14:55:22 team5linux kernel: [    2.068491] NetLabel:  protocols = UNLABELED CIPSOv4 CALIPSO
Mar  6 14:55:22 team5linux kernel: [    2.072523] NetLabel:  unlabeled traffic allowed by default
Mar  6 14:55:22 team5linux kernel: [    2.076544] PCI: Using ACPI for IRQ routing
Mar  6 14:55:22 team5linux kernel: [    2.080499] PCI: pci_cache_line_size set to 64 bytes
Mar  6 14:55:22 team5linux kernel: [    2.081193] e820: reserve RAM buffer [mem 0x0009e000-0x0009ffff]
Mar  6 14:55:22 team5linux kernel: [    2.081739] hpet: 3 channels of 0 reserved for per-cpu timers
Mar  6 14:55:22 team5linux kernel: [    2.088508] hpet0: at MMIO 0xfed00000, IRQs 2, 8, 0
Mar  6 14:55:22 team5linux kernel: [    2.096493] hpet0: 3 comparators, 64-bit 62.500000 MHz counter
Mar  6 14:55:22 team5linux kernel: [    2.108492] clocksource: Switched to clocksource xen
Mar  6 14:55:22 team5linux kernel: [    2.128060] VFS: Disk quotas dquot_6.6.0
Mar  6 14:55:22 team5linux kernel: [    2.133455] VFS: Dquot-cache hash table entries: 512 (order 0, 4096 bytes)
Mar  6 14:55:22 team5linux kernel: [    2.144132] AppArmor: AppArmor Filesystem Enabled
Mar  6 14:55:22 team5linux kernel: [    2.151931] pnp: PnP ACPI init
Mar  6 14:55:22 team5linux kernel: [    2.158532] system 00:00: [mem 0x00000000-0x0009ffff] could not be reserved
Mar  6 14:55:22 team5linux kernel: [    2.170075] system 00:01: [io  0x08a0-0x08a3] has been reserved
Mar  6 14:55:22 team5linux kernel: [    2.177204] system 00:01: [io  0x0cc0-0x0ccf] has been reserved
Mar  6 14:55:22 team5linux kernel: [    2.185727] system 00:01: [io  0x04d0-0x04d1] has been reserved
Mar  6 14:55:22 team5linux kernel: [    2.197343] xen: --> pirq=17 -> irq=8 (gsi=8)
Mar  6 14:55:22 team5linux kernel: [    2.197421] xen: --> pirq=18 -> irq=12 (gsi=12)
Mar  6 14:55:22 team5linux kernel: [    2.197470] xen: --> pirq=19 -> irq=1 (gsi=1)
Mar  6 14:55:22 team5linux kernel: [    2.197514] xen: --> pirq=20 -> irq=6 (gsi=6)
Mar  6 14:55:22 team5linux kernel: [    2.197517] pnp 00:05: [dma 2]
Mar  6 14:55:22 team5linux kernel: [    2.197575] xen: --> pirq=21 -> irq=4 (gsi=4)
Mar  6 14:55:22 team5linux kernel: [    2.197686] system 00:07: [io  0x10c0-0x1141] has been reserved
Mar  6 14:55:22 team5linux kernel: [    2.206149] system 00:07: [io  0xb044-0xb047] has been reserved
Mar  6 14:55:22 team5linux kernel: [    2.232471] pnp: PnP ACPI: found 8 devices
Mar  6 14:55:22 team5linux kernel: [    2.247454] clocksource: acpi_pm: mask: 0xffffff max_cycles: 0xffffff, max_idle_ns: 2085701024 ns
Mar  6 14:55:22 team5linux kernel: [    2.260070] NET: Registered PF_INET protocol family
Mar  6 14:55:22 team5linux kernel: [    2.267872] IP idents hash table entries: 65536 (order: 7, 524288 bytes, linear)
Mar  6 14:55:22 team5linux kernel: [    2.282032] tcp_listen_portaddr_hash hash table entries: 2048 (order: 3, 32768 bytes, linear)
Mar  6 14:55:22 team5linux kernel: [    2.296361] Table-perturb hash table entries: 65536 (order: 6, 262144 bytes, linear)
Mar  6 14:55:22 team5linux kernel: [    2.308326] TCP established hash table entries: 32768 (order: 6, 262144 bytes, linear)
Mar  6 14:55:22 team5linux kernel: [    2.321171] TCP bind hash table entries: 32768 (order: 7, 524288 bytes, linear)
Mar  6 14:55:22 team5linux kernel: [    2.332751] TCP: Hash tables configured (established 32768 bind 32768)
Mar  6 14:55:22 team5linux kernel: [    2.344923] MPTCP token hash table entries: 4096 (order: 4, 98304 bytes, linear)
Mar  6 14:55:22 team5linux kernel: [    2.356218] UDP hash table entries: 2048 (order: 4, 65536 bytes, linear)
Mar  6 14:55:22 team5linux kernel: [    2.368088] UDP-Lite hash table entries: 2048 (order: 4, 65536 bytes, linear)
Mar  6 14:55:22 team5linux kernel: [    2.412450] NET: Registered PF_UNIX/PF_LOCAL protocol family
Mar  6 14:55:22 team5linux kernel: [    2.423526] NET: Registered PF_XDP protocol family
Mar  6 14:55:22 team5linux kernel: [    2.439757] pci_bus 0000:00: resource 4 [io  0x0000-0x0cf7 window]
Mar  6 14:55:22 team5linux kernel: [    2.446976] pci_bus 0000:00: resource 5 [io  0x0d00-0xffff window]
Mar  6 14:55:22 team5linux kernel: [    2.455295] pci_bus 0000:00: resource 6 [mem 0x000a0000-0x000bffff window]
Mar  6 14:55:22 team5linux kernel: [    2.475326] pci_bus 0000:00: resource 7 [mem 0xf0000000-0xfbffffff window]
Mar  6 14:55:22 team5linux kernel: [    2.753841] pci 0000:00:01.0: PIIX3: Enabling Passive Release
Mar  6 14:55:22 team5linux kernel: [    2.760854] pci 0000:00:00.0: Limiting direct PCI/PCI transfers
Mar  6 14:55:22 team5linux kernel: [    2.767575] pci 0000:00:01.0: Activating ISA DMA hang workarounds
Mar  6 14:55:22 team5linux kernel: [    2.774426] PCI: CLS 0 bytes, default 64
Mar  6 14:55:22 team5linux kernel: [    2.778966] PCI-DMA: Using software bounce buffering for IO (SWIOTLB)
Mar  6 14:55:22 team5linux kernel: [    2.779028] Trying to unpack rootfs image as initramfs...
Mar  6 14:55:22 team5linux kernel: [    2.786372] software IO TLB: mapped [mem 0x00000000ec000000-0x00000000f0000000] (64MB)
Mar  6 14:55:22 team5linux kernel: [    2.786425] clocksource: tsc: mask: 0xffffffffffffffff max_cycles: 0x212733415c7, max_idle_ns: 440795236380 ns
Mar  6 14:55:22 team5linux kernel: [    2.803606] Freeing initrd memory: 6776K
Mar  6 14:55:22 team5linux kernel: [    2.819841] Initialise system trusted keyrings
Mar  6 14:55:22 team5linux kernel: [    2.825991] Key type blacklist registered
Mar  6 14:55:22 team5linux kernel: [    2.832188] workingset: timestamp_bits=36 max_order=20 bucket_order=0
Mar  6 14:55:22 team5linux kernel: [    2.842789] zbud: loaded
Mar  6 14:55:22 team5linux kernel: [    2.853686] squashfs: version 4.0 (2009/01/31) Phillip Lougher
Mar  6 14:55:22 team5linux kernel: [    2.863020] fuse: init (API version 7.34)
Mar  6 14:55:22 team5linux kernel: [    2.868996] integrity: Platform Keyring initialized
Mar  6 14:55:22 team5linux kernel: [    2.884407] Key type asymmetric registered
Mar  6 14:55:22 team5linux kernel: [    2.890463] Asymmetric key parser 'x509' registered
Mar  6 14:55:22 team5linux kernel: [    2.899980] Block layer SCSI generic (bsg) driver version 0.4 loaded (major 243)
Mar  6 14:55:22 team5linux kernel: [    2.912818] io scheduler mq-deadline registered
Mar  6 14:55:22 team5linux kernel: [    2.921664] shpchp: Standard Hot Plug PCI Controller Driver version: 0.4
Mar  6 14:55:22 team5linux kernel: [    2.931171] input: Power Button as /devices/LNXSYSTM:00/LNXPWRBN:00/input/input0
Mar  6 14:55:22 team5linux kernel: [    2.943274] ACPI: button: Power Button [PWRF]
Mar  6 14:55:22 team5linux kernel: [    2.947939] input: Sleep Button as /devices/LNXSYSTM:00/LNXSLPBN:00/input/input1
Mar  6 14:55:22 team5linux kernel: [    2.953989] ACPI: button: Sleep Button [SLPF]
Mar  6 14:55:22 team5linux kernel: [    2.964881] xen: --> pirq=22 -> irq=28 (gsi=28)
Mar  6 14:55:22 team5linux kernel: [    2.965140] xen:grant_table: Grant tables using version 1 layout
Mar  6 14:55:22 team5linux kernel: [    2.973552] Grant table initialized
Mar  6 14:55:22 team5linux kernel: [    2.977429] Cannot get hvm parameter CONSOLE_EVTCHN (18): -22!
Mar  6 14:55:22 team5linux kernel: [    2.983853] Serial: 8250/16550 driver, 4 ports, IRQ sharing enabled
Mar  6 14:55:22 team5linux kernel: [    3.026962] 00:06: ttyS0 at I/O 0x3f8 (irq = 4, base_baud = 115200) is a 16550A
Mar  6 14:55:22 team5linux kernel: [    3.052663] Linux agpgart interface v0.103
Mar  6 14:55:22 team5linux kernel: [    3.063545] loop: module loaded
Mar  6 14:55:22 team5linux kernel: [    3.067421] Invalid max_queues (4), will use default max: 2.
Mar  6 14:55:22 team5linux kernel: [    3.079941] ata_piix 0000:00:01.1: version 2.13
Mar  6 14:55:22 team5linux kernel: [    3.081959] scsi host0: ata_piix
Mar  6 14:55:22 team5linux kernel: [    3.086130] scsi host1: ata_piix
Mar  6 14:55:22 team5linux kernel: [    3.091060] ata1: PATA max MWDMA2 cmd 0x1f0 ctl 0x3f6 bmdma 0xc100 irq 14
Mar  6 14:55:22 team5linux kernel: [    3.099510] ata2: PATA max MWDMA2 cmd 0x170 ctl 0x376 bmdma 0xc108 irq 15
Mar  6 14:55:22 team5linux kernel: [    3.111541] tun: Universal TUN/TAP device driver, 1.6
Mar  6 14:55:22 team5linux kernel: [    3.118912] PPP generic driver version 2.4.2
Mar  6 14:55:22 team5linux kernel: [    3.124998] xen_netfront: Initialising Xen virtual ethernet driver
Mar  6 14:55:22 team5linux kernel: [    3.133938] VFIO - User Level meta-driver version: 0.3
Mar  6 14:55:22 team5linux kernel: [    3.143589] ehci_hcd: USB 2.0 'Enhanced' Host Controller (EHCI) Driver
Mar  6 14:55:22 team5linux kernel: [    3.152790] ehci-pci: EHCI PCI platform driver
Mar  6 14:55:22 team5linux kernel: [    3.156130] blkfront: xvda: barrier or flush: disabled; persistent grants: disabled; indirect descriptors: enabled; bounce buffer: disabled;
Mar  6 14:55:22 team5linux kernel: [    3.161222] ehci-platform: EHCI generic platform driver
Mar  6 14:55:22 team5linux kernel: [    3.185409] ohci_hcd: USB 1.1 'Open' Host Controller (OHCI) Driver
Mar  6 14:55:22 team5linux kernel: [    3.194097] ohci-pci: OHCI PCI platform driver
Mar  6 14:55:22 team5linux kernel: [    3.201011] ohci-platform: OHCI generic platform driver
Mar  6 14:55:22 team5linux kernel: [    3.209003] uhci_hcd: USB Universal Host Controller Interface driver
Mar  6 14:55:22 team5linux kernel: [    3.222695] i8042: PNP: PS/2 Controller [PNP0303:PS2K,PNP0f13:PS2M] at 0x60,0x64 irq 1,12
Mar  6 14:55:22 team5linux kernel: [    3.240636]  xvda: xvda1 xvda14 xvda15
Mar  6 14:55:22 team5linux kernel: [    3.241611] serio: i8042 KBD port at 0x60,0x64 irq 1
Mar  6 14:55:22 team5linux kernel: [    3.253861] serio: i8042 AUX port at 0x60,0x64 irq 12
Mar  6 14:55:22 team5linux kernel: [    3.261264] mousedev: PS/2 mouse device common for all mice
Mar  6 14:55:22 team5linux kernel: [    3.268643] rtc_cmos 00:02: registered as rtc0
Mar  6 14:55:22 team5linux kernel: [    3.276042] rtc_cmos 00:02: setting system clock to 2023-03-06T14:53:45 UTC (1678114425)
Mar  6 14:55:22 team5linux kernel: [    3.285941] rtc_cmos 00:02: alarms up to one day, 114 bytes nvram, hpet irqs
Mar  6 14:55:22 team5linux kernel: [    3.295119] i2c_dev: i2c /dev entries driver
Mar  6 14:55:22 team5linux kernel: [    3.302539] device-mapper: core: CONFIG_IMA_DISABLE_HTABLE is disabled. Duplicate IMA measurements will not be recorded in the IMA log.
Mar  6 14:55:22 team5linux kernel: [    3.302574] input: AT Translated Set 2 keyboard as /devices/platform/i8042/serio0/input/input2
Mar  6 14:55:22 team5linux kernel: [    3.316871] device-mapper: uevent: version 1.0.3
Mar  6 14:55:22 team5linux kernel: [    3.334227] device-mapper: ioctl: 4.45.0-ioctl (2021-03-22) initialised: dm-devel@redhat.com
Mar  6 14:55:22 team5linux kernel: [    3.342307] platform eisa.0: Probing EISA bus 0
Mar  6 14:55:22 team5linux kernel: [    3.349836] platform eisa.0: EISA: Cannot allocate resource for mainboard
Mar  6 14:55:22 team5linux kernel: [    3.361871] platform eisa.0: Cannot allocate resource for EISA slot 1
Mar  6 14:55:22 team5linux kernel: [    3.371029] platform eisa.0: Cannot allocate resource for EISA slot 2
Mar  6 14:55:22 team5linux kernel: [    3.378023] platform eisa.0: Cannot allocate resource for EISA slot 3
Mar  6 14:55:22 team5linux kernel: [    3.383697] platform eisa.0: Cannot allocate resource for EISA slot 4
Mar  6 14:55:22 team5linux kernel: [    3.391387] platform eisa.0: Cannot allocate resource for EISA slot 5
Mar  6 14:55:22 team5linux kernel: [    3.398023] platform eisa.0: Cannot allocate resource for EISA slot 6
Mar  6 14:55:22 team5linux kernel: [    3.410563] platform eisa.0: Cannot allocate resource for EISA slot 7
Mar  6 14:55:22 team5linux kernel: [    3.448990] platform eisa.0: Cannot allocate resource for EISA slot 8
Mar  6 14:55:22 team5linux kernel: [    3.465625] platform eisa.0: EISA: Detected 0 cards
Mar  6 14:55:22 team5linux kernel: [    3.476091] intel_pstate: CPU model not supported
Mar  6 14:55:22 team5linux kernel: [    3.485250] ledtrig-cpu: registered to indicate activity on CPUs
Mar  6 14:55:22 team5linux kernel: [    3.499439] drop_monitor: Initializing network drop monitor service
Mar  6 14:55:22 team5linux kernel: [    3.514177] NET: Registered PF_INET6 protocol family
Mar  6 14:55:22 team5linux kernel: [    3.523345] Segment Routing with IPv6
Mar  6 14:55:22 team5linux kernel: [    3.529887] In-situ OAM (IOAM) with IPv6
Mar  6 14:55:22 team5linux kernel: [    3.535577] NET: Registered PF_PACKET protocol family
Mar  6 14:55:22 team5linux kernel: [    3.543365] Key type dns_resolver registered
Mar  6 14:55:22 team5linux kernel: [    3.548916] No MBM correction factor available
Mar  6 14:55:22 team5linux kernel: [    3.555566] IPI shorthand broadcast: enabled
Mar  6 14:55:22 team5linux kernel: [    3.561471] sched_clock: Marking stable (2482351601, 1079092629)->(4169933219, -608488989)
Mar  6 14:55:22 team5linux kernel: [    3.576376] registered taskstats version 1
Mar  6 14:55:22 team5linux kernel: [    3.584565] Loading compiled-in X.509 certificates
Mar  6 14:55:22 team5linux kernel: [    3.592074] Loaded X.509 cert 'Build time autogenerated kernel key: 9661695d80a98f99cb2df8c24334d09c0c25f561'
Mar  6 14:55:22 team5linux kernel: [    3.606476] Loaded X.509 cert 'Canonical Ltd. Live Patch Signing: 14df34d1a87cf37625abec039ef2bf521249b969'
Mar  6 14:55:22 team5linux kernel: [    3.618494] Loaded X.509 cert 'Canonical Ltd. Kernel Module Signing: 88f752e560a1e0737e31163a466ad7b70a850c19'
Mar  6 14:55:22 team5linux kernel: [    3.634805] blacklist: Loading compiled-in revocation X.509 certificates
Mar  6 14:55:22 team5linux kernel: [    3.644800] Loaded X.509 cert 'Canonical Ltd. Secure Boot Signing: 61482aa2830d0ab2ad5af10b7250da9033ddcef0'
Mar  6 14:55:22 team5linux kernel: [    3.655772] Loaded X.509 cert 'Canonical Ltd. Secure Boot Signing (2017): 242ade75ac4a15e50d50c84b0d45ff3eae707a03'
Mar  6 14:55:22 team5linux kernel: [    3.667560] Loaded X.509 cert 'Canonical Ltd. Secure Boot Signing (ESM 2018): 365188c1d374d6b07c3c8f240f8ef722433d6a8b'
Mar  6 14:55:22 team5linux kernel: [    3.679787] Loaded X.509 cert 'Canonical Ltd. Secure Boot Signing (2019): c0746fd6c5da3ae827864651ad66ae47fe24b3e8'
Mar  6 14:55:22 team5linux kernel: [    3.692141] Loaded X.509 cert 'Canonical Ltd. Secure Boot Signing (2021 v1): a8d54bbb3825cfb94fa13c9f8a594a195c107b8d'
Mar  6 14:55:22 team5linux kernel: [    3.714453] Loaded X.509 cert 'Canonical Ltd. Secure Boot Signing (2021 v2): 4cf046892d6fd3c9a5b03f98d845f90851dc6a8c'
Mar  6 14:55:22 team5linux kernel: [    3.739140] Loaded X.509 cert 'Canonical Ltd. Secure Boot Signing (2021 v3): 100437bb6de6e469b581e61cd66bce3ef4ed53af'
Mar  6 14:55:22 team5linux kernel: [    3.766567] Loaded X.509 cert 'Canonical Ltd. Secure Boot Signing (Ubuntu Core 2019): c1d57b8f6b743f23ee41f4f7ee292f06eecadfb9'
Mar  6 14:55:22 team5linux kernel: [    3.787966] zswap: loaded using pool lzo/zbud
Mar  6 14:55:22 team5linux kernel: [    3.808110] Key type .fscrypt registered
Mar  6 14:55:22 team5linux kernel: [    3.818320] Key type fscrypt-provisioning registered
Mar  6 14:55:22 team5linux kernel: [    3.840669] Key type encrypted registered
Mar  6 14:55:22 team5linux kernel: [    3.847608] AppArmor: AppArmor sha1 policy hashing enabled
Mar  6 14:55:22 team5linux kernel: [    3.855410] ima: No TPM chip found, activating TPM-bypass!
Mar  6 14:55:22 team5linux kernel: [    3.865858] Loading compiled-in module X.509 certificates
Mar  6 14:55:22 team5linux kernel: [    3.875601] Loaded X.509 cert 'Build time autogenerated kernel key: 9661695d80a98f99cb2df8c24334d09c0c25f561'
Mar  6 14:55:22 team5linux kernel: [    3.890111] ima: Allocated hash algorithm: sha1
Mar  6 14:55:22 team5linux kernel: [    3.895901] ima: No architecture policies found
Mar  6 14:55:22 team5linux kernel: [    3.901890] evm: Initialising EVM extended attributes:
Mar  6 14:55:22 team5linux kernel: [    3.916796] evm: security.selinux
Mar  6 14:55:22 team5linux kernel: [    3.927354] evm: security.SMACK64
Mar  6 14:55:22 team5linux kernel: [    3.932279] evm: security.SMACK64EXEC
Mar  6 14:55:22 team5linux kernel: [    3.937790] evm: security.SMACK64TRANSMUTE
Mar  6 14:55:22 team5linux kernel: [    3.960584] evm: security.SMACK64MMAP
Mar  6 14:55:22 team5linux kernel: [    3.967386] evm: security.apparmor
Mar  6 14:55:22 team5linux kernel: [    3.974128] evm: security.ima
Mar  6 14:55:22 team5linux kernel: [    3.991189] evm: security.capability
Mar  6 14:55:22 team5linux kernel: [    4.006034] evm: HMAC attrs: 0x1
Mar  6 14:55:22 team5linux kernel: [    4.035637] PM:   Magic number: 15:255:889
Mar  6 14:55:22 team5linux kernel: [    4.042450] acpi device:f8: hash matches
Mar  6 14:55:22 team5linux kernel: [    4.051678] acpi device:cb: hash matches
Mar  6 14:55:22 team5linux kernel: [    4.059785] RAS: Correctable Errors collector initialized.
Mar  6 14:55:22 team5linux kernel: [    4.075024] md: Waiting for all devices to be available before autodetect
Mar  6 14:55:22 team5linux kernel: [    4.085300] md: If you don't use raid, use raid=noautodetect
Mar  6 14:55:22 team5linux kernel: [    4.093046] md: Autodetecting RAID arrays.
Mar  6 14:55:22 team5linux kernel: [    4.099604] md: autorun ...
Mar  6 14:55:22 team5linux kernel: [    4.104423] md: ... autorun DONE.
Mar  6 14:55:22 team5linux kernel: [    4.113868] EXT4-fs (xvda1): mounted filesystem with ordered data mode. Opts: (null). Quota mode: none.
Mar  6 14:55:22 team5linux kernel: [    4.126255] VFS: Mounted root (ext4 filesystem) readonly on device 202:1.
Mar  6 14:55:22 team5linux kernel: [    4.137490] devtmpfs: mounted
Mar  6 14:55:22 team5linux kernel: [    4.144579] Freeing unused decrypted memory: 2036K
Mar  6 14:55:22 team5linux kernel: [    4.152655] Freeing unused kernel image (initmem) memory: 3240K
Mar  6 14:55:22 team5linux kernel: [    4.160561] Write protecting the kernel read-only data: 30720k
Mar  6 14:55:22 team5linux kernel: [    4.169854] Freeing unused kernel image (text/rodata gap) memory: 2036K
Mar  6 14:55:22 team5linux kernel: [    4.179038] Freeing unused kernel image (rodata/data gap) memory: 1436K
Mar  6 14:55:22 team5linux kernel: [    4.237288] x86/mm: Checked W+X mappings: passed, no W+X pages found.
Mar  6 14:55:22 team5linux kernel: [    4.247303] x86/mm: Checking user space page tables
Mar  6 14:55:22 team5linux kernel: [    4.303945] x86/mm: Checked W+X mappings: passed, no W+X pages found.
Mar  6 14:55:22 team5linux kernel: [    4.312882] Run /sbin/init as init process
Mar  6 14:55:22 team5linux kernel: [    4.318266]   with arguments:
Mar  6 14:55:22 team5linux kernel: [    4.318270]     /sbin/init
Mar  6 14:55:22 team5linux kernel: [    4.318271]   with environment:
Mar  6 14:55:22 team5linux kernel: [    4.318272]     HOME=/
Mar  6 14:55:22 team5linux kernel: [    4.318273]     TERM=linux
Mar  6 14:55:22 team5linux kernel: [    4.318274]     BOOT_IMAGE=/boot/vmlinuz-5.15.0-1031-aws
Mar  6 14:55:22 team5linux kernel: [    6.362119] EXT4-fs (xvda1): re-mounted. Opts: discard. Quota mode: none.
Mar  6 14:55:22 team5linux kernel: [    6.760438] FDC 0 is a S82078B
Mar  6 14:55:22 team5linux kernel: [    6.856099] cryptd: max_cpu_qlen set to 1000
Mar  6 14:55:22 team5linux kernel: [    6.891451] AVX2 version of gcm_enc/dec engaged.
Mar  6 14:55:22 team5linux kernel: [    6.891539] AES CTR mode by8 optimization enabled
Mar  6 14:55:22 team5linux kernel: [    7.404646] alua: device handler registered
Mar  6 14:55:22 team5linux kernel: [    7.415991] emc: device handler registered
Mar  6 14:55:22 team5linux kernel: [    7.420308] rdac: device handler registered
Mar  6 14:55:22 team5linux kernel: [    7.500117] loop0: detected capacity change from 0 to 49944
Mar  6 14:55:22 team5linux kernel: [    7.521447] loop1: detected capacity change from 0 to 113888
Mar  6 14:55:22 team5linux kernel: [    7.521530] loop2: detected capacity change from 0 to 113888
Mar  6 14:55:22 team5linux kernel: [    7.530024] loop3: detected capacity change from 0 to 129584
Mar  6 14:55:22 team5linux kernel: [    7.557259] loop4: detected capacity change from 0 to 129600
Mar  6 14:55:22 team5linux kernel: [    7.572865] loop5: detected capacity change from 0 to 188072
Mar  6 14:55:22 team5linux kernel: [    7.599437] loop6: detected capacity change from 0 to 102048
Mar  6 14:55:22 team5linux kernel: [    7.599542] loop7: detected capacity change from 0 to 102072
Mar  6 14:55:22 team5linux kernel: [    8.194204] input: ImExPS/2 Generic Explorer Mouse as /devices/platform/i8042/serio1/input/input4
Mar  6 14:55:22 team5linux kernel: [   95.806440] audit: type=1400 audit(1678114518.028:2): apparmor="STATUS" operation="profile_load" profile="unconfined" name="lsb_release" pid=375 comm="apparmor_parser"
Mar  6 14:55:22 team5linux kernel: [   95.809518] audit: type=1400 audit(1678114518.032:3): apparmor="STATUS" operation="profile_load" profile="unconfined" name="/usr/bin/man" pid=374 comm="apparmor_parser"
Mar  6 14:55:22 team5linux kernel: [   95.809524] audit: type=1400 audit(1678114518.032:4): apparmor="STATUS" operation="profile_load" profile="unconfined" name="man_filter" pid=374 comm="apparmor_parser"
Mar  6 14:55:22 team5linux kernel: [   95.809527] audit: type=1400 audit(1678114518.032:5): apparmor="STATUS" operation="profile_load" profile="unconfined" name="man_groff" pid=374 comm="apparmor_parser"
Mar  6 14:55:22 team5linux kernel: [   95.824965] audit: type=1400 audit(1678114518.048:6): apparmor="STATUS" operation="profile_load" profile="unconfined" name="/usr/lib/snapd/snap-confine" pid=378 comm="apparmor_parser"
Mar  6 14:55:22 team5linux kernel: [   95.824971] audit: type=1400 audit(1678114518.048:7): apparmor="STATUS" operation="profile_load" profile="unconfined" name="/usr/lib/snapd/snap-confine//mount-namespace-capture-helper" pid=378 comm="apparmor_parser"
Mar  6 14:55:22 team5linux kernel: [   95.834668] audit: type=1400 audit(1678114518.056:8): apparmor="STATUS" operation="profile_load" profile="unconfined" name="/usr/sbin/tcpdump" pid=379 comm="apparmor_parser"
Mar  6 14:55:22 team5linux kernel: [   95.836890] audit: type=1400 audit(1678114518.060:9): apparmor="STATUS" operation="profile_load" profile="unconfined" name="nvidia_modprobe" pid=381 comm="apparmor_parser"
Mar  6 14:55:22 team5linux kernel: [   95.836895] audit: type=1400 audit(1678114518.060:10): apparmor="STATUS" operation="profile_load" profile="unconfined" name="nvidia_modprobe//kmod" pid=381 comm="apparmor_parser"
Mar  6 14:55:22 team5linux kernel: [   95.847517] audit: type=1400 audit(1678114518.068:11): apparmor="STATUS" operation="profile_load" profile="unconfined" name="/usr/lib/NetworkManager/nm-dhcp-client.action" pid=382 comm="apparmor_parser"
Mar  6 14:55:22 team5linux kernel: [  100.048716] Process accounting resumed
Mar  6 14:55:28 team5linux kernel: [  106.717524] loop8: detected capacity change from 0 to 8
Mar  6 19:13:34 team5linux kernel: [    0.000000] Linux version 5.15.0-1031-aws (buildd@lcy02-amd64-045) (gcc (Ubuntu 9.4.0-1ubuntu1~20.04.1) 9.4.0, GNU ld (GNU Binutils for Ubuntu) 2.34) #35~20.04.1-Ubuntu SMP Sat Feb 11 16:19:06 UTC 2023 (Ubuntu 5.15.0-1031.35~20.04.1-aws 5.15.85)
Mar  6 19:13:34 team5linux kernel: [    0.000000] Command line: BOOT_IMAGE=/boot/vmlinuz-5.15.0-1031-aws root=PARTUUID=b6f09fc9-a0ef-4282-a149-e9c131355c9f ro console=tty1 console=ttyS0 nvme_core.io_timeout=4294967295 panic=-1
Mar  6 19:13:34 team5linux kernel: [    0.000000] KERNEL supported cpus:
Mar  6 19:13:34 team5linux kernel: [    0.000000]   Intel GenuineIntel
Mar  6 19:13:34 team5linux kernel: [    0.000000]   AMD AuthenticAMD
Mar  6 19:13:34 team5linux kernel: [    0.000000]   Hygon HygonGenuine
Mar  6 19:13:34 team5linux kernel: [    0.000000]   Centaur CentaurHauls
Mar  6 19:13:34 team5linux kernel: [    0.000000]   zhaoxin   Shanghai  
Mar  6 19:13:34 team5linux kernel: [    0.000000] x86/fpu: Supporting XSAVE feature 0x001: 'x87 floating point registers'
Mar  6 19:13:34 team5linux kernel: [    0.000000] x86/fpu: Supporting XSAVE feature 0x002: 'SSE registers'
Mar  6 19:13:34 team5linux kernel: [    0.000000] x86/fpu: Supporting XSAVE feature 0x004: 'AVX registers'
Mar  6 19:13:34 team5linux kernel: [    0.000000] x86/fpu: xstate_offset[2]:  576, xstate_sizes[2]:  256
Mar  6 19:13:34 team5linux kernel: [    0.000000] x86/fpu: Enabled xstate features 0x7, context size is 832 bytes, using 'standard' format.
Mar  6 19:13:34 team5linux kernel: [    0.000000] signal: max sigframe size: 1776
Mar  6 19:13:34 team5linux kernel: [    0.000000] BIOS-provided physical RAM map:
Mar  6 19:13:34 team5linux kernel: [    0.000000] BIOS-e820: [mem 0x0000000000000000-0x000000000009dfff] usable
Mar  6 19:13:34 team5linux kernel: [    0.000000] BIOS-e820: [mem 0x000000000009e000-0x000000000009ffff] reserved
Mar  6 19:13:34 team5linux kernel: [    0.000000] BIOS-e820: [mem 0x00000000000e0000-0x00000000000fffff] reserved
Mar  6 19:13:34 team5linux kernel: [    0.000000] BIOS-e820: [mem 0x0000000000100000-0x00000000efffffff] usable
Mar  6 19:13:34 team5linux kernel: [    0.000000] BIOS-e820: [mem 0x00000000fc000000-0x00000000ffffffff] reserved
Mar  6 19:13:34 team5linux kernel: [    0.000000] BIOS-e820: [mem 0x0000000100000000-0x000000010fffffff] usable
Mar  6 19:13:34 team5linux kernel: [    0.000000] NX (Execute Disable) protection: active
Mar  6 19:13:34 team5linux kernel: [    0.000000] SMBIOS 2.7 present.
Mar  6 19:13:34 team5linux kernel: [    0.000000] DMI: Xen HVM domU, BIOS 4.11.amazon 08/24/2006
Mar  6 19:13:34 team5linux kernel: [    0.000000] Hypervisor detected: Xen HVM
Mar  6 19:13:34 team5linux kernel: [    0.000000] Xen version 4.11.
Mar  6 19:13:34 team5linux kernel: [    0.000000] platform_pci_unplug: Netfront and the Xen platform PCI driver have been compiled for this kernel: unplug emulated NICs.
Mar  6 19:13:34 team5linux kernel: [    0.000000] platform_pci_unplug: Blkfront and the Xen platform PCI driver have been compiled for this kernel: unplug emulated disks.
Mar  6 19:13:34 team5linux kernel: [    0.000000] You might have to change the root device
Mar  6 19:13:34 team5linux kernel: [    0.000000] from /dev/hd[a-d] to /dev/xvd[a-d]
Mar  6 19:13:34 team5linux kernel: [    0.000000] in your root= kernel command line option
Mar  6 19:13:34 team5linux kernel: [    0.000007] HVMOP_pagetable_dying not supported
Mar  6 19:13:34 team5linux kernel: [    0.021261] tsc: Fast TSC calibration using PIT
Mar  6 19:13:34 team5linux kernel: [    0.021264] tsc: Detected 2300.062 MHz processor
Mar  6 19:13:34 team5linux kernel: [    0.021265] tsc: Detected 2300.016 MHz TSC
Mar  6 19:13:34 team5linux kernel: [    0.021729] e820: update [mem 0x00000000-0x00000fff] usable ==> reserved
Mar  6 19:13:34 team5linux kernel: [    0.021734] e820: remove [mem 0x000a0000-0x000fffff] usable
Mar  6 19:13:34 team5linux kernel: [    0.021739] last_pfn = 0x110000 max_arch_pfn = 0x400000000
Mar  6 19:13:34 team5linux kernel: [    0.021787] x86/PAT: Configuration [0-7]: WB  WC  UC- UC  WB  WP  UC- WT  
Mar  6 19:13:34 team5linux kernel: [    0.021797] last_pfn = 0xf0000 max_arch_pfn = 0x400000000
Mar  6 19:13:34 team5linux kernel: [    0.029276] found SMP MP-table at [mem 0x000fb9a0-0x000fb9af]
Mar  6 19:13:34 team5linux kernel: [    0.029521] RAMDISK: [mem 0x372b3000-0x37950fff]
Mar  6 19:13:34 team5linux kernel: [    0.029527] ACPI: Early table checksum verification disabled
Mar  6 19:13:34 team5linux kernel: [    0.029531] ACPI: RSDP 0x00000000000EA020 000024 (v02 Xen   )
Mar  6 19:13:34 team5linux kernel: [    0.029537] ACPI: XSDT 0x00000000FC00C780 000054 (v01 Xen    HVM      00000000 HVML 00000000)
Mar  6 19:13:34 team5linux kernel: [    0.029544] ACPI: FACP 0x00000000FC00C440 0000F4 (v04 Xen    HVM      00000000 HVML 00000000)
Mar  6 19:13:34 team5linux kernel: [    0.029552] ACPI: DSDT 0x00000000FC003940 008A7E (v02 Xen    HVM      00000000 INTL 20090123)
Mar  6 19:13:34 team5linux kernel: [    0.029556] ACPI: FACS 0x00000000FC003900 000040
Mar  6 19:13:34 team5linux kernel: [    0.029560] ACPI: FACS 0x00000000FC003900 000040
Mar  6 19:13:34 team5linux kernel: [    0.029563] ACPI: APIC 0x00000000FC00C540 0000D8 (v02 Xen    HVM      00000000 HVML 00000000)
Mar  6 19:13:34 team5linux kernel: [    0.029568] ACPI: HPET 0x00000000FC00C690 000038 (v01 Xen    HVM      00000000 HVML 00000000)
Mar  6 19:13:34 team5linux kernel: [    0.029572] ACPI: WAET 0x00000000FC00C6D0 000028 (v01 Xen    HVM      00000000 HVML 00000000)
Mar  6 19:13:34 team5linux kernel: [    0.029576] ACPI: SSDT 0x00000000FC00C700 000031 (v02 Xen    HVM      00000000 INTL 20090123)
Mar  6 19:13:34 team5linux kernel: [    0.029580] ACPI: SSDT 0x00000000FC00C740 000033 (v02 Xen    HVM      00000000 INTL 20090123)
Mar  6 19:13:34 team5linux kernel: [    0.029584] ACPI: Reserving FACP table memory at [mem 0xfc00c440-0xfc00c533]
Mar  6 19:13:34 team5linux kernel: [    0.029586] ACPI: Reserving DSDT table memory at [mem 0xfc003940-0xfc00c3bd]
Mar  6 19:13:34 team5linux kernel: [    0.029587] ACPI: Reserving FACS table memory at [mem 0xfc003900-0xfc00393f]
Mar  6 19:13:34 team5linux kernel: [    0.029589] ACPI: Reserving FACS table memory at [mem 0xfc003900-0xfc00393f]
Mar  6 19:13:34 team5linux kernel: [    0.029590] ACPI: Reserving APIC table memory at [mem 0xfc00c540-0xfc00c617]
Mar  6 19:13:34 team5linux kernel: [    0.029591] ACPI: Reserving HPET table memory at [mem 0xfc00c690-0xfc00c6c7]
Mar  6 19:13:34 team5linux kernel: [    0.029593] ACPI: Reserving WAET table memory at [mem 0xfc00c6d0-0xfc00c6f7]
Mar  6 19:13:34 team5linux kernel: [    0.029594] ACPI: Reserving SSDT table memory at [mem 0xfc00c700-0xfc00c730]
Mar  6 19:13:34 team5linux kernel: [    0.029596] ACPI: Reserving SSDT table memory at [mem 0xfc00c740-0xfc00c772]
Mar  6 19:13:34 team5linux kernel: [    0.032151] No NUMA configuration found
Mar  6 19:13:34 team5linux kernel: [    0.032156] Faking a node at [mem 0x0000000000000000-0x000000010fffffff]
Mar  6 19:13:34 team5linux kernel: [    0.032168] NODE_DATA(0) allocated [mem 0x10ffd4000-0x10fffdfff]
Mar  6 19:13:34 team5linux kernel: [    0.032462] Zone ranges:
Mar  6 19:13:34 team5linux kernel: [    0.032464]   DMA      [mem 0x0000000000001000-0x0000000000ffffff]
Mar  6 19:13:34 team5linux kernel: [    0.032467]   DMA32    [mem 0x0000000001000000-0x00000000ffffffff]
Mar  6 19:13:34 team5linux kernel: [    0.032469]   Normal   [mem 0x0000000100000000-0x000000010fffffff]
Mar  6 19:13:34 team5linux kernel: [    0.032471]   Device   empty
Mar  6 19:13:34 team5linux kernel: [    0.032473] Movable zone start for each node
Mar  6 19:13:34 team5linux kernel: [    0.032477] Early memory node ranges
Mar  6 19:13:34 team5linux kernel: [    0.032478]   node   0: [mem 0x0000000000001000-0x000000000009dfff]
Mar  6 19:13:34 team5linux kernel: [    0.032480]   node   0: [mem 0x0000000000100000-0x00000000efffffff]
Mar  6 19:13:34 team5linux kernel: [    0.032482]   node   0: [mem 0x0000000100000000-0x000000010fffffff]
Mar  6 19:13:34 team5linux kernel: [    0.032484] Initmem setup node 0 [mem 0x0000000000001000-0x000000010fffffff]
Mar  6 19:13:34 team5linux kernel: [    0.032499] On node 0, zone DMA: 1 pages in unavailable ranges
Mar  6 19:13:34 team5linux kernel: [    0.032538] On node 0, zone DMA: 98 pages in unavailable ranges
Mar  6 19:13:34 team5linux kernel: [    0.045482] ACPI: PM-Timer IO Port: 0xb008
Mar  6 19:13:34 team5linux kernel: [    0.045560] IOAPIC[0]: apic_id 1, version 17, address 0xfec00000, GSI 0-47
Mar  6 19:13:34 team5linux kernel: [    0.045565] ACPI: INT_SRC_OVR (bus 0 bus_irq 0 global_irq 2 dfl dfl)
Mar  6 19:13:34 team5linux kernel: [    0.045568] ACPI: INT_SRC_OVR (bus 0 bus_irq 5 global_irq 5 low level)
Mar  6 19:13:34 team5linux kernel: [    0.045571] ACPI: INT_SRC_OVR (bus 0 bus_irq 10 global_irq 10 low level)
Mar  6 19:13:34 team5linux kernel: [    0.045573] ACPI: INT_SRC_OVR (bus 0 bus_irq 11 global_irq 11 low level)
Mar  6 19:13:34 team5linux kernel: [    0.045577] ACPI: Using ACPI (MADT) for SMP configuration information
Mar  6 19:13:34 team5linux kernel: [    0.045579] ACPI: HPET id: 0x8086a201 base: 0xfed00000
Mar  6 19:13:34 team5linux kernel: [    0.045585] TSC deadline timer available
Mar  6 19:13:34 team5linux kernel: [    0.045594] smpboot: Allowing 15 CPUs, 13 hotplug CPUs
Mar  6 19:13:34 team5linux kernel: [    0.045607] PM: hibernation: Registered nosave memory: [mem 0x00000000-0x00000fff]
Mar  6 19:13:34 team5linux kernel: [    0.045610] PM: hibernation: Registered nosave memory: [mem 0x0009e000-0x0009ffff]
Mar  6 19:13:34 team5linux kernel: [    0.045612] PM: hibernation: Registered nosave memory: [mem 0x000a0000-0x000dffff]
Mar  6 19:13:34 team5linux kernel: [    0.045614] PM: hibernation: Registered nosave memory: [mem 0x000e0000-0x000fffff]
Mar  6 19:13:34 team5linux kernel: [    0.045616] PM: hibernation: Registered nosave memory: [mem 0xf0000000-0xfbffffff]
Mar  6 19:13:34 team5linux kernel: [    0.045618] PM: hibernation: Registered nosave memory: [mem 0xfc000000-0xffffffff]
Mar  6 19:13:34 team5linux kernel: [    0.045621] [mem 0xf0000000-0xfbffffff] available for PCI devices
Mar  6 19:13:34 team5linux kernel: [    0.045623] Booting paravirtualized kernel on Xen HVM
Mar  6 19:13:34 team5linux kernel: [    0.045627] clocksource: refined-jiffies: mask: 0xffffffff max_cycles: 0xffffffff, max_idle_ns: 7645519600211568 ns
Mar  6 19:13:34 team5linux kernel: [    0.045636] setup_percpu: NR_CPUS:8192 nr_cpumask_bits:15 nr_cpu_ids:15 nr_node_ids:1
Mar  6 19:13:34 team5linux kernel: [    0.046637] percpu: Embedded 60 pages/cpu s208896 r8192 d28672 u262144
Mar  6 19:13:34 team5linux kernel: [    0.046645] pcpu-alloc: s208896 r8192 d28672 u262144 alloc=1*2097152
Mar  6 19:13:34 team5linux kernel: [    0.046648] pcpu-alloc: [0] 00 01 02 03 04 05 06 07 [0] 08 09 10 11 12 13 14 -- 
Mar  6 19:13:34 team5linux kernel: [    0.046691] xen: PV spinlocks enabled
Mar  6 19:13:34 team5linux kernel: [    0.046693] PV qspinlock hash table entries: 256 (order: 0, 4096 bytes, linear)
Mar  6 19:13:34 team5linux kernel: [    0.046701] Built 1 zonelists, mobility grouping on.  Total pages: 1031936
Mar  6 19:13:34 team5linux kernel: [    0.046703] Policy zone: Normal
Mar  6 19:13:34 team5linux kernel: [    0.046705] Kernel command line: BOOT_IMAGE=/boot/vmlinuz-5.15.0-1031-aws root=PARTUUID=b6f09fc9-a0ef-4282-a149-e9c131355c9f ro console=tty1 console=ttyS0 nvme_core.io_timeout=4294967295 panic=-1
Mar  6 19:13:34 team5linux kernel: [    0.046780] Unknown kernel command line parameters "BOOT_IMAGE=/boot/vmlinuz-5.15.0-1031-aws", will be passed to user space.
Mar  6 19:13:34 team5linux kernel: [    0.047557] Dentry cache hash table entries: 524288 (order: 10, 4194304 bytes, linear)
Mar  6 19:13:34 team5linux kernel: [    0.047945] Inode-cache hash table entries: 262144 (order: 9, 2097152 bytes, linear)
Mar  6 19:13:34 team5linux kernel: [    0.048116] mem auto-init: stack:off, heap alloc:on, heap free:off
Mar  6 19:13:34 team5linux kernel: [    0.081500] Memory: 3999300K/4193908K available (16393K kernel code, 4382K rwdata, 10852K rodata, 3240K init, 6560K bss, 194348K reserved, 0K cma-reserved)
Mar  6 19:13:34 team5linux kernel: [    0.081870] SLUB: HWalign=64, Order=0-3, MinObjects=0, CPUs=15, Nodes=1
Mar  6 19:13:34 team5linux kernel: [    0.081892] Kernel/User page tables isolation: enabled
Mar  6 19:13:34 team5linux kernel: [    0.081913] ftrace: allocating 50241 entries in 197 pages
Mar  6 19:13:34 team5linux kernel: [    0.109377] ftrace: allocated 197 pages with 4 groups
Mar  6 19:13:34 team5linux kernel: [    0.109648] rcu: Hierarchical RCU implementation.
Mar  6 19:13:34 team5linux kernel: [    0.109650] rcu: 	RCU restricting CPUs from NR_CPUS=8192 to nr_cpu_ids=15.
Mar  6 19:13:34 team5linux kernel: [    0.109653] 	Rude variant of Tasks RCU enabled.
Mar  6 19:13:34 team5linux kernel: [    0.109654] 	Tracing variant of Tasks RCU enabled.
Mar  6 19:13:34 team5linux kernel: [    0.109655] rcu: RCU calculated value of scheduler-enlistment delay is 25 jiffies.
Mar  6 19:13:34 team5linux kernel: [    0.109657] rcu: Adjusting geometry for rcu_fanout_leaf=16, nr_cpu_ids=15
Mar  6 19:13:34 team5linux kernel: [    0.114517] NR_IRQS: 524544, nr_irqs: 952, preallocated irqs: 16
Mar  6 19:13:34 team5linux kernel: [    0.114562] xen:events: Using 2-level ABI
Mar  6 19:13:34 team5linux kernel: [    0.114623] xen:events: Xen HVM callback vector for event delivery is enabled
Mar  6 19:13:34 team5linux kernel: [    0.114777] random: crng init done
Mar  6 19:13:34 team5linux kernel: [    0.248991] Console: colour VGA+ 80x25
Mar  6 19:13:34 team5linux kernel: [    0.394717] printk: console [tty1] enabled
Mar  6 19:13:34 team5linux kernel: [    0.395890] Cannot get hvm parameter CONSOLE_EVTCHN (18): -22!
Mar  6 19:13:34 team5linux kernel: [    1.137728] printk: console [ttyS0] enabled
Mar  6 19:13:34 team5linux kernel: [    1.143834] ACPI: Core revision 20210730
Mar  6 19:13:34 team5linux kernel: [    1.149026] clocksource: hpet: mask: 0xffffffff max_cycles: 0xffffffff, max_idle_ns: 30580167144 ns
Mar  6 19:13:34 team5linux kernel: [    1.160059] APIC: Switch to symmetric I/O mode setup
Mar  6 19:13:34 team5linux kernel: [    1.167671] x2apic: IRQ remapping doesn't support X2APIC mode
Mar  6 19:13:34 team5linux kernel: [    1.175107] Switched APIC routing to physical flat.
Mar  6 19:13:34 team5linux kernel: [    1.183615] ..TIMER: vector=0x30 apic1=0 pin1=2 apic2=0 pin2=0
Mar  6 19:13:34 team5linux kernel: [    1.210518] clocksource: tsc-early: mask: 0xffffffffffffffff max_cycles: 0x2127442937e, max_idle_ns: 440795203349 ns
Mar  6 19:13:34 team5linux kernel: [    1.222619] Calibrating delay loop (skipped), value calculated using timer frequency.. 4600.03 BogoMIPS (lpj=9200064)
Mar  6 19:13:34 team5linux kernel: [    1.234616] pid_max: default: 32768 minimum: 301
Mar  6 19:13:34 team5linux kernel: [    1.242680] LSM: Security Framework initializing
Mar  6 19:13:34 team5linux kernel: [    1.246641] landlock: Up and running.
Mar  6 19:13:34 team5linux kernel: [    1.250616] Yama: becoming mindful.
Mar  6 19:13:34 team5linux kernel: [    1.258666] AppArmor: AppArmor initialized
Mar  6 19:13:34 team5linux kernel: [    1.266698] Mount-cache hash table entries: 8192 (order: 4, 65536 bytes, linear)
Mar  6 19:13:34 team5linux kernel: [    1.274627] Mountpoint-cache hash table entries: 8192 (order: 4, 65536 bytes, linear)
Mar  6 19:13:34 team5linux kernel: [    1.287063] Last level iTLB entries: 4KB 64, 2MB 8, 4MB 8
Mar  6 19:13:34 team5linux kernel: [    1.294616] Last level dTLB entries: 4KB 64, 2MB 0, 4MB 0, 1GB 4
Mar  6 19:13:34 team5linux kernel: [    1.302621] Spectre V1 : Mitigation: usercopy/swapgs barriers and __user pointer sanitization
Mar  6 19:13:34 team5linux kernel: [    1.310614] Spectre V2 : Mitigation: Retpolines
Mar  6 19:13:34 team5linux kernel: [    1.318613] Spectre V2 : Spectre v2 / SpectreRSB mitigation: Filling RSB on context switch
Mar  6 19:13:34 team5linux kernel: [    1.330615] Spectre V2 : Spectre v2 / SpectreRSB : Filling RSB on VMEXIT
Mar  6 19:13:34 team5linux kernel: [    1.342614] Speculative Store Bypass: Vulnerable
Mar  6 19:13:34 team5linux kernel: [    1.354624] MDS: Vulnerable: Clear CPU buffers attempted, no microcode
Mar  6 19:13:34 team5linux kernel: [    1.366614] MMIO Stale Data: Vulnerable: Clear CPU buffers attempted, no microcode
Mar  6 19:13:34 team5linux kernel: [    1.398794] Freeing SMP alternatives memory: 40K
Mar  6 19:13:34 team5linux kernel: [    1.402760] clocksource: xen: mask: 0xffffffffffffffff max_cycles: 0x1cd42e4dffb, max_idle_ns: 881590591483 ns
Mar  6 19:13:34 team5linux kernel: [    1.418640] Xen: using vcpuop timer interface
Mar  6 19:13:34 team5linux kernel: [    1.418652] installing Xen timer for CPU 0
Mar  6 19:13:34 team5linux kernel: [    1.422728] smpboot: CPU0: Intel(R) Xeon(R) CPU E5-2686 v4 @ 2.30GHz (family: 0x6, model: 0x4f, stepping: 0x1)
Mar  6 19:13:34 team5linux kernel: [    1.426679] cpu 0 spinlock event irq 53
Mar  6 19:13:34 team5linux kernel: [    1.430880] Performance Events: unsupported p6 CPU model 79 no PMU driver, software events only.
Mar  6 19:13:34 team5linux kernel: [    1.434720] rcu: Hierarchical SRCU implementation.
Mar  6 19:13:34 team5linux kernel: [    1.439170] NMI watchdog: Perf NMI watchdog permanently disabled
Mar  6 19:13:34 team5linux kernel: [    1.442936] smp: Bringing up secondary CPUs ...
Mar  6 19:13:34 team5linux kernel: [    1.446800] installing Xen timer for CPU 1
Mar  6 19:13:34 team5linux kernel: [    1.450746] x86: Booting SMP configuration:
Mar  6 19:13:34 team5linux kernel: [    1.454635] .... node  #0, CPUs:        #1
Mar  6 19:13:34 team5linux kernel: [    1.457416] cpu 1 spinlock event irq 59
Mar  6 19:13:34 team5linux kernel: [    1.466672] smp: Brought up 1 node, 2 CPUs
Mar  6 19:13:34 team5linux kernel: [    1.470627] smpboot: Max logical packages: 8
Mar  6 19:13:34 team5linux kernel: [    1.474621] smpboot: Total of 2 processors activated (9200.06 BogoMIPS)
Mar  6 19:13:34 team5linux kernel: [    1.479167] devtmpfs: initialized
Mar  6 19:13:34 team5linux kernel: [    1.482683] x86/mm: Memory block size: 128MB
Mar  6 19:13:34 team5linux kernel: [    1.487148] clocksource: jiffies: mask: 0xffffffff max_cycles: 0xffffffff, max_idle_ns: 7645041785100000 ns
Mar  6 19:13:34 team5linux kernel: [    1.490716] futex hash table entries: 4096 (order: 6, 262144 bytes, linear)
Mar  6 19:13:34 team5linux kernel: [    1.494792] pinctrl core: initialized pinctrl subsystem
Mar  6 19:13:34 team5linux kernel: [    1.498806] PM: RTC time: 19:11:55, date: 2023-03-06
Mar  6 19:13:34 team5linux kernel: [    1.502888] NET: Registered PF_NETLINK/PF_ROUTE protocol family
Mar  6 19:13:34 team5linux kernel: [    1.506899] DMA: preallocated 512 KiB GFP_KERNEL pool for atomic allocations
Mar  6 19:13:34 team5linux kernel: [    1.510754] DMA: preallocated 512 KiB GFP_KERNEL|GFP_DMA pool for atomic allocations
Mar  6 19:13:34 team5linux kernel: [    1.514758] DMA: preallocated 512 KiB GFP_KERNEL|GFP_DMA32 pool for atomic allocations
Mar  6 19:13:34 team5linux kernel: [    1.518650] audit: initializing netlink subsys (disabled)
Mar  6 19:13:34 team5linux kernel: [    1.522715] audit: type=2000 audit(1678129915.572:1): state=initialized audit_enabled=0 res=1
Mar  6 19:13:34 team5linux kernel: [    1.522835] thermal_sys: Registered thermal governor 'fair_share'
Mar  6 19:13:34 team5linux kernel: [    1.526627] thermal_sys: Registered thermal governor 'bang_bang'
Mar  6 19:13:34 team5linux kernel: [    1.530627] thermal_sys: Registered thermal governor 'step_wise'
Mar  6 19:13:34 team5linux kernel: [    1.534625] thermal_sys: Registered thermal governor 'user_space'
Mar  6 19:13:34 team5linux kernel: [    1.538626] thermal_sys: Registered thermal governor 'power_allocator'
Mar  6 19:13:34 team5linux kernel: [    1.542645] EISA bus registered
Mar  6 19:13:34 team5linux kernel: [    1.550641] cpuidle: using governor ladder
Mar  6 19:13:34 team5linux kernel: [    1.554632] cpuidle: using governor menu
Mar  6 19:13:34 team5linux kernel: [    1.558687] ACPI: bus type PCI registered
Mar  6 19:13:34 team5linux kernel: [    1.562621] acpiphp: ACPI Hot Plug PCI Controller Driver version: 0.5
Mar  6 19:13:34 team5linux kernel: [    1.567148] PCI: Using configuration type 1 for base access
Mar  6 19:13:34 team5linux kernel: [    1.572282] Kprobes globally optimized
Mar  6 19:13:34 team5linux kernel: [    1.574686] HugeTLB registered 2.00 MiB page size, pre-allocated 0 pages
Mar  6 19:13:34 team5linux kernel: [    1.582643] ACPI: Added _OSI(Module Device)
Mar  6 19:13:34 team5linux kernel: [    1.586656] ACPI: Added _OSI(Processor Device)
Mar  6 19:13:34 team5linux kernel: [    1.590622] ACPI: Added _OSI(3.0 _SCP Extensions)
Mar  6 19:13:34 team5linux kernel: [    1.594628] ACPI: Added _OSI(Processor Aggregator Device)
Mar  6 19:13:34 team5linux kernel: [    1.598623] ACPI: Added _OSI(Linux-Dell-Video)
Mar  6 19:13:34 team5linux kernel: [    1.602622] ACPI: Added _OSI(Linux-Lenovo-NV-HDMI-Audio)
Mar  6 19:13:34 team5linux kernel: [    1.606624] ACPI: Added _OSI(Linux-HPI-Hybrid-Graphics)
Mar  6 19:13:34 team5linux kernel: [    1.616613] ACPI: 3 ACPI AML tables successfully acquired and loaded
Mar  6 19:13:34 team5linux kernel: [    1.619457] xen: --> pirq=16 -> irq=9 (gsi=9)
Mar  6 19:13:34 team5linux kernel: [    1.620828] ACPI: Interpreter enabled
Mar  6 19:13:34 team5linux kernel: [    1.622645] ACPI: PM: (supports S0 S4 S5)
Mar  6 19:13:34 team5linux kernel: [    1.626629] ACPI: Using IOAPIC for interrupt routing
Mar  6 19:13:34 team5linux kernel: [    1.630674] PCI: Using host bridge windows from ACPI; if necessary, use "pci=nocrs" and report a bug
Mar  6 19:13:34 team5linux kernel: [    1.634624] PCI: Using E820 reservations for host bridge windows
Mar  6 19:13:34 team5linux kernel: [    1.639181] ACPI: Enabled 2 GPEs in block 00 to 0F
Mar  6 19:13:34 team5linux kernel: [    1.680397] ACPI: PCI Root Bridge [PCI0] (domain 0000 [bus 00-ff])
Mar  6 19:13:34 team5linux kernel: [    1.682638] acpi PNP0A03:00: _OSC: OS supports [ASPM ClockPM Segments MSI EDR HPX-Type3]
Mar  6 19:13:34 team5linux kernel: [    1.686656] acpi PNP0A03:00: fail to add MMCONFIG information, can't access extended PCI configuration space under this bridge.
Mar  6 19:13:34 team5linux kernel: [    1.692369] acpiphp: Slot [0] registered
Mar  6 19:13:34 team5linux kernel: [    1.696692] acpiphp: Slot [3] registered
Mar  6 19:13:34 team5linux kernel: [    1.699447] acpiphp: Slot [4] registered
Mar  6 19:13:34 team5linux kernel: [    1.704075] acpiphp: Slot [5] registered
Mar  6 19:13:34 team5linux kernel: [    1.707066] acpiphp: Slot [6] registered
Mar  6 19:13:34 team5linux kernel: [    1.711027] acpiphp: Slot [7] registered
Mar  6 19:13:34 team5linux kernel: [    1.715128] acpiphp: Slot [8] registered
Mar  6 19:13:34 team5linux kernel: [    1.719411] acpiphp: Slot [9] registered
Mar  6 19:13:34 team5linux kernel: [    1.723329] acpiphp: Slot [10] registered
Mar  6 19:13:34 team5linux kernel: [    1.727319] acpiphp: Slot [11] registered
Mar  6 19:13:34 team5linux kernel: [    1.731446] acpiphp: Slot [12] registered
Mar  6 19:13:34 team5linux kernel: [    1.735441] acpiphp: Slot [13] registered
Mar  6 19:13:34 team5linux kernel: [    1.739399] acpiphp: Slot [14] registered
Mar  6 19:13:34 team5linux kernel: [    1.743429] acpiphp: Slot [15] registered
Mar  6 19:13:34 team5linux kernel: [    1.747542] acpiphp: Slot [16] registered
Mar  6 19:13:34 team5linux kernel: [    1.751488] acpiphp: Slot [17] registered
Mar  6 19:13:34 team5linux kernel: [    1.755437] acpiphp: Slot [18] registered
Mar  6 19:13:34 team5linux kernel: [    1.759463] acpiphp: Slot [19] registered
Mar  6 19:13:34 team5linux kernel: [    1.763320] acpiphp: Slot [20] registered
Mar  6 19:13:34 team5linux kernel: [    1.767387] acpiphp: Slot [21] registered
Mar  6 19:13:34 team5linux kernel: [    1.771547] acpiphp: Slot [22] registered
Mar  6 19:13:34 team5linux kernel: [    1.775469] acpiphp: Slot [23] registered
Mar  6 19:13:34 team5linux kernel: [    1.779207] acpiphp: Slot [24] registered
Mar  6 19:13:34 team5linux kernel: [    1.783417] acpiphp: Slot [25] registered
Mar  6 19:13:34 team5linux kernel: [    1.787303] acpiphp: Slot [26] registered
Mar  6 19:13:34 team5linux kernel: [    1.791094] acpiphp: Slot [27] registered
Mar  6 19:13:34 team5linux kernel: [    1.795275] acpiphp: Slot [28] registered
Mar  6 19:13:34 team5linux kernel: [    1.799142] acpiphp: Slot [29] registered
Mar  6 19:13:34 team5linux kernel: [    1.803094] acpiphp: Slot [30] registered
Mar  6 19:13:34 team5linux kernel: [    1.807422] acpiphp: Slot [31] registered
Mar  6 19:13:34 team5linux kernel: [    1.811180] PCI host bridge to bus 0000:00
Mar  6 19:13:34 team5linux kernel: [    1.814623] pci_bus 0000:00: root bus resource [bus 00-ff]
Mar  6 19:13:34 team5linux kernel: [    1.818622] pci_bus 0000:00: root bus resource [io  0x0000-0x0cf7 window]
Mar  6 19:13:34 team5linux kernel: [    1.822621] pci_bus 0000:00: root bus resource [io  0x0d00-0xffff window]
Mar  6 19:13:34 team5linux kernel: [    1.826622] pci_bus 0000:00: root bus resource [mem 0x000a0000-0x000bffff window]
Mar  6 19:13:34 team5linux kernel: [    1.830623] pci_bus 0000:00: root bus resource [mem 0xf0000000-0xfbffffff window]
Mar  6 19:13:34 team5linux kernel: [    1.835943] pci 0000:00:00.0: [8086:1237] type 00 class 0x060000
Mar  6 19:13:34 team5linux kernel: [    1.844878] pci 0000:00:01.0: [8086:7000] type 00 class 0x060100
Mar  6 19:13:34 team5linux kernel: [    1.852221] pci 0000:00:01.1: [8086:7010] type 00 class 0x010180
Mar  6 19:13:34 team5linux kernel: [    1.858486] pci 0000:00:01.1: reg 0x20: [io  0xc100-0xc10f]
Mar  6 19:13:34 team5linux kernel: [    1.860318] pci 0000:00:01.1: legacy IDE quirk: reg 0x10: [io  0x01f0-0x01f7]
Mar  6 19:13:34 team5linux kernel: [    1.862623] pci 0000:00:01.1: legacy IDE quirk: reg 0x14: [io  0x03f6]
Mar  6 19:13:34 team5linux kernel: [    1.866627] pci 0000:00:01.1: legacy IDE quirk: reg 0x18: [io  0x0170-0x0177]
Mar  6 19:13:34 team5linux kernel: [    1.870623] pci 0000:00:01.1: legacy IDE quirk: reg 0x1c: [io  0x0376]
Mar  6 19:13:34 team5linux kernel: [    1.876856] * Found PM-Timer Bug on the chipset. Due to workarounds for a bug,
Mar  6 19:13:34 team5linux kernel: [    1.876856] * this clock source is slow. Consider trying other clock sources
Mar  6 19:13:34 team5linux kernel: [    1.878628] pci 0000:00:01.3: [8086:7113] type 00 class 0x068000
Mar  6 19:13:34 team5linux kernel: [    1.886591] pci 0000:00:01.3: quirk: [io  0xb000-0xb03f] claimed by PIIX4 ACPI
Mar  6 19:13:34 team5linux kernel: [    1.889950] pci 0000:00:02.0: [1013:00b8] type 00 class 0x030000
Mar  6 19:13:34 team5linux kernel: [    1.891330] pci 0000:00:02.0: reg 0x10: [mem 0xf0000000-0xf1ffffff pref]
Mar  6 19:13:34 team5linux kernel: [    1.894982] pci 0000:00:02.0: reg 0x14: [mem 0xf3000000-0xf3000fff]
Mar  6 19:13:34 team5linux kernel: [    1.902224] pci 0000:00:02.0: Video device with shadowed ROM at [mem 0x000c0000-0x000dffff]
Mar  6 19:13:34 team5linux kernel: [    1.905003] pci 0000:00:03.0: [5853:0001] type 00 class 0xff8000
Mar  6 19:13:34 team5linux kernel: [    1.907901] pci 0000:00:03.0: reg 0x10: [io  0xc000-0xc0ff]
Mar  6 19:13:34 team5linux kernel: [    1.911037] pci 0000:00:03.0: reg 0x14: [mem 0xf2000000-0xf2ffffff pref]
Mar  6 19:13:34 team5linux kernel: [    1.926387] ACPI: PCI: Interrupt link LNKA configured for IRQ 5
Mar  6 19:13:34 team5linux kernel: [    1.927124] ACPI: PCI: Interrupt link LNKB configured for IRQ 10
Mar  6 19:13:34 team5linux kernel: [    1.930977] ACPI: PCI: Interrupt link LNKC configured for IRQ 11
Mar  6 19:13:34 team5linux kernel: [    1.934939] ACPI: PCI: Interrupt link LNKD configured for IRQ 5
Mar  6 19:13:34 team5linux kernel: [    1.956188] xen:balloon: Initialising balloon driver
Mar  6 19:13:34 team5linux kernel: [    1.958697] iommu: Default domain type: Translated 
Mar  6 19:13:34 team5linux kernel: [    1.962624] iommu: DMA domain TLB invalidation policy: lazy mode 
Mar  6 19:13:34 team5linux kernel: [    1.966859] SCSI subsystem initialized
Mar  6 19:13:34 team5linux kernel: [    1.970662] libata version 3.00 loaded.
Mar  6 19:13:34 team5linux kernel: [    1.970712] pci 0000:00:02.0: vgaarb: setting as boot VGA device
Mar  6 19:13:34 team5linux kernel: [    1.974612] pci 0000:00:02.0: vgaarb: VGA device added: decodes=io+mem,owns=io+mem,locks=none
Mar  6 19:13:34 team5linux kernel: [    1.994628] pci 0000:00:02.0: vgaarb: bridge control possible
Mar  6 19:13:34 team5linux kernel: [    2.002623] vgaarb: loaded
Mar  6 19:13:34 team5linux kernel: [    2.010681] ACPI: bus type USB registered
Mar  6 19:13:34 team5linux kernel: [    2.018655] usbcore: registered new interface driver usbfs
Mar  6 19:13:34 team5linux kernel: [    2.026639] usbcore: registered new interface driver hub
Mar  6 19:13:34 team5linux kernel: [    2.034644] usbcore: registered new device driver usb
Mar  6 19:13:34 team5linux kernel: [    2.046667] pps_core: LinuxPPS API ver. 1 registered
Mar  6 19:13:34 team5linux kernel: [    2.054620] pps_core: Software ver. 5.3.6 - Copyright 2005-2007 Rodolfo Giometti <giometti@linux.it>
Mar  6 19:13:34 team5linux kernel: [    2.066632] PTP clock support registered
Mar  6 19:13:34 team5linux kernel: [    2.070673] EDAC MC: Ver: 3.0.0
Mar  6 19:13:34 team5linux kernel: [    2.075485] NetLabel: Initializing
Mar  6 19:13:34 team5linux kernel: [    2.078622] NetLabel:  domain hash size = 128
Mar  6 19:13:34 team5linux kernel: [    2.082622] NetLabel:  protocols = UNLABELED CIPSOv4 CALIPSO
Mar  6 19:13:34 team5linux kernel: [    2.086656] NetLabel:  unlabeled traffic allowed by default
Mar  6 19:13:34 team5linux kernel: [    2.090682] PCI: Using ACPI for IRQ routing
Mar  6 19:13:34 team5linux kernel: [    2.094624] PCI: pci_cache_line_size set to 64 bytes
Mar  6 19:13:34 team5linux kernel: [    2.096056] e820: reserve RAM buffer [mem 0x0009e000-0x0009ffff]
Mar  6 19:13:34 team5linux kernel: [    2.096075] hpet: 3 channels of 0 reserved for per-cpu timers
Mar  6 19:13:34 team5linux kernel: [    2.110642] hpet0: at MMIO 0xfed00000, IRQs 2, 8, 0
Mar  6 19:13:34 team5linux kernel: [    2.118621] hpet0: 3 comparators, 64-bit 62.500000 MHz counter
Mar  6 19:13:34 team5linux kernel: [    2.132761] clocksource: Switched to clocksource xen
Mar  6 19:13:34 team5linux kernel: [    2.150352] VFS: Disk quotas dquot_6.6.0
Mar  6 19:13:34 team5linux kernel: [    2.155370] VFS: Dquot-cache hash table entries: 512 (order 0, 4096 bytes)
Mar  6 19:13:34 team5linux kernel: [    2.164159] AppArmor: AppArmor Filesystem Enabled
Mar  6 19:13:34 team5linux kernel: [    2.170643] pnp: PnP ACPI init
Mar  6 19:13:34 team5linux kernel: [    2.175048] system 00:00: [mem 0x00000000-0x0009ffff] could not be reserved
Mar  6 19:13:34 team5linux kernel: [    2.183316] system 00:01: [io  0x08a0-0x08a3] has been reserved
Mar  6 19:13:34 team5linux kernel: [    2.190634] system 00:01: [io  0x0cc0-0x0ccf] has been reserved
Mar  6 19:13:34 team5linux kernel: [    2.197781] system 00:01: [io  0x04d0-0x04d1] has been reserved
Mar  6 19:13:34 team5linux kernel: [    2.205541] xen: --> pirq=17 -> irq=8 (gsi=8)
Mar  6 19:13:34 team5linux kernel: [    2.205614] xen: --> pirq=18 -> irq=12 (gsi=12)
Mar  6 19:13:34 team5linux kernel: [    2.205654] xen: --> pirq=19 -> irq=1 (gsi=1)
Mar  6 19:13:34 team5linux kernel: [    2.205694] xen: --> pirq=20 -> irq=6 (gsi=6)
Mar  6 19:13:34 team5linux kernel: [    2.205697] pnp 00:05: [dma 2]
Mar  6 19:13:34 team5linux kernel: [    2.205750] xen: --> pirq=21 -> irq=4 (gsi=4)
Mar  6 19:13:34 team5linux kernel: [    2.205856] system 00:07: [io  0x10c0-0x1141] has been reserved
Mar  6 19:13:34 team5linux kernel: [    2.213364] system 00:07: [io  0xb044-0xb047] has been reserved
Mar  6 19:13:34 team5linux kernel: [    2.239875] pnp: PnP ACPI: found 8 devices
Mar  6 19:13:34 team5linux kernel: [    2.255180] clocksource: acpi_pm: mask: 0xffffff max_cycles: 0xffffff, max_idle_ns: 2085701024 ns
Mar  6 19:13:34 team5linux kernel: [    2.265713] NET: Registered PF_INET protocol family
Mar  6 19:13:34 team5linux kernel: [    2.270716] IP idents hash table entries: 65536 (order: 7, 524288 bytes, linear)
Mar  6 19:13:34 team5linux kernel: [    2.281329] tcp_listen_portaddr_hash hash table entries: 2048 (order: 3, 32768 bytes, linear)
Mar  6 19:13:34 team5linux kernel: [    2.294492] Table-perturb hash table entries: 65536 (order: 6, 262144 bytes, linear)
Mar  6 19:13:34 team5linux kernel: [    2.304991] TCP established hash table entries: 32768 (order: 6, 262144 bytes, linear)
Mar  6 19:13:34 team5linux kernel: [    2.313808] TCP bind hash table entries: 32768 (order: 7, 524288 bytes, linear)
Mar  6 19:13:34 team5linux kernel: [    2.321584] TCP: Hash tables configured (established 32768 bind 32768)
Mar  6 19:13:34 team5linux kernel: [    2.329038] MPTCP token hash table entries: 4096 (order: 4, 98304 bytes, linear)
Mar  6 19:13:34 team5linux kernel: [    2.337247] UDP hash table entries: 2048 (order: 4, 65536 bytes, linear)
Mar  6 19:13:34 team5linux kernel: [    2.345640] UDP-Lite hash table entries: 2048 (order: 4, 65536 bytes, linear)
Mar  6 19:13:34 team5linux kernel: [    2.354014] NET: Registered PF_UNIX/PF_LOCAL protocol family
Mar  6 19:13:34 team5linux kernel: [    2.360490] NET: Registered PF_XDP protocol family
Mar  6 19:13:34 team5linux kernel: [    2.366031] pci_bus 0000:00: resource 4 [io  0x0000-0x0cf7 window]
Mar  6 19:13:34 team5linux kernel: [    2.373434] pci_bus 0000:00: resource 5 [io  0x0d00-0xffff window]
Mar  6 19:13:34 team5linux kernel: [    2.379813] pci_bus 0000:00: resource 6 [mem 0x000a0000-0x000bffff window]
Mar  6 19:13:34 team5linux kernel: [    2.387529] pci_bus 0000:00: resource 7 [mem 0xf0000000-0xfbffffff window]
Mar  6 19:13:34 team5linux kernel: [    2.598852] pci 0000:00:01.0: PIIX3: Enabling Passive Release
Mar  6 19:13:34 team5linux kernel: [    2.606073] pci 0000:00:00.0: Limiting direct PCI/PCI transfers
Mar  6 19:13:34 team5linux kernel: [    2.612358] pci 0000:00:01.0: Activating ISA DMA hang workarounds
Mar  6 19:13:34 team5linux kernel: [    2.618705] PCI: CLS 0 bytes, default 64
Mar  6 19:13:34 team5linux kernel: [    2.625569] PCI-DMA: Using software bounce buffering for IO (SWIOTLB)
Mar  6 19:13:34 team5linux kernel: [    2.625647] Trying to unpack rootfs image as initramfs...
Mar  6 19:13:34 team5linux kernel: [    2.634959] software IO TLB: mapped [mem 0x00000000ec000000-0x00000000f0000000] (64MB)
Mar  6 19:13:34 team5linux kernel: [    2.635015] clocksource: tsc: mask: 0xffffffffffffffff max_cycles: 0x2127442937e, max_idle_ns: 440795203349 ns
Mar  6 19:13:34 team5linux kernel: [    2.651731] Freeing initrd memory: 6776K
Mar  6 19:13:34 team5linux kernel: [    2.664822] Initialise system trusted keyrings
Mar  6 19:13:34 team5linux kernel: [    2.671013] Key type blacklist registered
Mar  6 19:13:34 team5linux kernel: [    2.675815] workingset: timestamp_bits=36 max_order=20 bucket_order=0
Mar  6 19:13:34 team5linux kernel: [    2.683092] zbud: loaded
Mar  6 19:13:34 team5linux kernel: [    2.685836] squashfs: version 4.0 (2009/01/31) Phillip Lougher
Mar  6 19:13:34 team5linux kernel: [    2.691746] fuse: init (API version 7.34)
Mar  6 19:13:34 team5linux kernel: [    2.698370] integrity: Platform Keyring initialized
Mar  6 19:13:34 team5linux kernel: [    2.715316] Key type asymmetric registered
Mar  6 19:13:34 team5linux kernel: [    2.720594] Asymmetric key parser 'x509' registered
Mar  6 19:13:34 team5linux kernel: [    2.726076] Block layer SCSI generic (bsg) driver version 0.4 loaded (major 243)
Mar  6 19:13:34 team5linux kernel: [    2.736421] io scheduler mq-deadline registered
Mar  6 19:13:34 team5linux kernel: [    2.741737] shpchp: Standard Hot Plug PCI Controller Driver version: 0.4
Mar  6 19:13:34 team5linux kernel: [    2.749821] input: Power Button as /devices/LNXSYSTM:00/LNXPWRBN:00/input/input0
Mar  6 19:13:34 team5linux kernel: [    2.760629] ACPI: button: Power Button [PWRF]
Mar  6 19:13:34 team5linux kernel: [    2.768372] input: Sleep Button as /devices/LNXSYSTM:00/LNXSLPBN:00/input/input1
Mar  6 19:13:34 team5linux kernel: [    2.780492] ACPI: button: Sleep Button [SLPF]
Mar  6 19:13:34 team5linux kernel: [    2.794865] xen: --> pirq=22 -> irq=28 (gsi=28)
Mar  6 19:13:34 team5linux kernel: [    2.795084] xen:grant_table: Grant tables using version 1 layout
Mar  6 19:13:34 team5linux kernel: [    2.803913] Grant table initialized
Mar  6 19:13:34 team5linux kernel: [    2.810447] Cannot get hvm parameter CONSOLE_EVTCHN (18): -22!
Mar  6 19:13:34 team5linux kernel: [    2.816390] Serial: 8250/16550 driver, 4 ports, IRQ sharing enabled
Mar  6 19:13:34 team5linux kernel: [    2.865669] 00:06: ttyS0 at I/O 0x3f8 (irq = 4, base_baud = 115200) is a 16550A
Mar  6 19:13:34 team5linux kernel: [    2.890563] Linux agpgart interface v0.103
Mar  6 19:13:34 team5linux kernel: [    2.900584] loop: module loaded
Mar  6 19:13:34 team5linux kernel: [    2.907325] Invalid max_queues (4), will use default max: 2.
Mar  6 19:13:34 team5linux kernel: [    2.918198] ata_piix 0000:00:01.1: version 2.13
Mar  6 19:13:34 team5linux kernel: [    2.920053] scsi host0: ata_piix
Mar  6 19:13:34 team5linux kernel: [    2.925696] scsi host1: ata_piix
Mar  6 19:13:34 team5linux kernel: [    2.931325] ata1: PATA max MWDMA2 cmd 0x1f0 ctl 0x3f6 bmdma 0xc100 irq 14
Mar  6 19:13:34 team5linux kernel: [    2.942055] ata2: PATA max MWDMA2 cmd 0x170 ctl 0x376 bmdma 0xc108 irq 15
Mar  6 19:13:34 team5linux kernel: [    2.945702] blkfront: xvda: barrier or flush: disabled; persistent grants: disabled; indirect descriptors: enabled; bounce buffer: disabled;
Mar  6 19:13:34 team5linux kernel: [    2.952356] tun: Universal TUN/TAP device driver, 1.6
Mar  6 19:13:34 team5linux kernel: [    2.971721] PPP generic driver version 2.4.2
Mar  6 19:13:34 team5linux kernel: [    2.976523]  xvda: xvda1 xvda14 xvda15
Mar  6 19:13:34 team5linux kernel: [    2.978869] xen_netfront: Initialising Xen virtual ethernet driver
Mar  6 19:13:34 team5linux kernel: [    2.998060] VFIO - User Level meta-driver version: 0.3
Mar  6 19:13:34 team5linux kernel: [    3.010778] ehci_hcd: USB 2.0 'Enhanced' Host Controller (EHCI) Driver
Mar  6 19:13:34 team5linux kernel: [    3.023219] ehci-pci: EHCI PCI platform driver
Mar  6 19:13:34 team5linux kernel: [    3.032940] ehci-platform: EHCI generic platform driver
Mar  6 19:13:34 team5linux kernel: [    3.043577] ohci_hcd: USB 1.1 'Open' Host Controller (OHCI) Driver
Mar  6 19:13:34 team5linux kernel: [    3.054576] ohci-pci: OHCI PCI platform driver
Mar  6 19:13:34 team5linux kernel: [    3.062205] ohci-platform: OHCI generic platform driver
Mar  6 19:13:34 team5linux kernel: [    3.070744] uhci_hcd: USB Universal Host Controller Interface driver
Mar  6 19:13:34 team5linux kernel: [    3.078776] i8042: PNP: PS/2 Controller [PNP0303:PS2K,PNP0f13:PS2M] at 0x60,0x64 irq 1,12
Mar  6 19:13:34 team5linux kernel: [    3.091288] serio: i8042 KBD port at 0x60,0x64 irq 1
Mar  6 19:13:34 team5linux kernel: [    3.097800] serio: i8042 AUX port at 0x60,0x64 irq 12
Mar  6 19:13:34 team5linux kernel: [    3.102871] mousedev: PS/2 mouse device common for all mice
Mar  6 19:13:34 team5linux kernel: [    3.110985] rtc_cmos 00:02: registered as rtc0
Mar  6 19:13:34 team5linux kernel: [    3.111870] input: AT Translated Set 2 keyboard as /devices/platform/i8042/serio0/input/input2
Mar  6 19:13:34 team5linux kernel: [    3.118519] rtc_cmos 00:02: setting system clock to 2023-03-06T19:11:58 UTC (1678129918)
Mar  6 19:13:34 team5linux kernel: [    3.145483] rtc_cmos 00:02: alarms up to one day, 114 bytes nvram, hpet irqs
Mar  6 19:13:34 team5linux kernel: [    3.158774] i2c_dev: i2c /dev entries driver
Mar  6 19:13:34 team5linux kernel: [    3.165164] device-mapper: core: CONFIG_IMA_DISABLE_HTABLE is disabled. Duplicate IMA measurements will not be recorded in the IMA log.
Mar  6 19:13:34 team5linux kernel: [    3.181637] device-mapper: uevent: version 1.0.3
Mar  6 19:13:34 team5linux kernel: [    3.187952] device-mapper: ioctl: 4.45.0-ioctl (2021-03-22) initialised: dm-devel@redhat.com
Mar  6 19:13:34 team5linux kernel: [    3.198719] platform eisa.0: Probing EISA bus 0
Mar  6 19:13:34 team5linux kernel: [    3.204331] platform eisa.0: EISA: Cannot allocate resource for mainboard
Mar  6 19:13:34 team5linux kernel: [    3.210134] platform eisa.0: Cannot allocate resource for EISA slot 1
Mar  6 19:13:34 team5linux kernel: [    3.216876] platform eisa.0: Cannot allocate resource for EISA slot 2
Mar  6 19:13:34 team5linux kernel: [    3.225296] platform eisa.0: Cannot allocate resource for EISA slot 3
Mar  6 19:13:34 team5linux kernel: [    3.233186] platform eisa.0: Cannot allocate resource for EISA slot 4
Mar  6 19:13:34 team5linux kernel: [    3.239433] platform eisa.0: Cannot allocate resource for EISA slot 5
Mar  6 19:13:34 team5linux kernel: [    3.251116] platform eisa.0: Cannot allocate resource for EISA slot 6
Mar  6 19:13:34 team5linux kernel: [    3.257771] platform eisa.0: Cannot allocate resource for EISA slot 7
Mar  6 19:13:34 team5linux kernel: [    3.268373] platform eisa.0: Cannot allocate resource for EISA slot 8
Mar  6 19:13:34 team5linux kernel: [    3.281048] platform eisa.0: EISA: Detected 0 cards
Mar  6 19:13:34 team5linux kernel: [    3.289376] intel_pstate: CPU model not supported
Mar  6 19:13:34 team5linux kernel: [    3.297757] ledtrig-cpu: registered to indicate activity on CPUs
Mar  6 19:13:34 team5linux kernel: [    3.306244] drop_monitor: Initializing network drop monitor service
Mar  6 19:13:34 team5linux kernel: [    3.315445] NET: Registered PF_INET6 protocol family
Mar  6 19:13:34 team5linux kernel: [    3.324167] Segment Routing with IPv6
Mar  6 19:13:34 team5linux kernel: [    3.329696] In-situ OAM (IOAM) with IPv6
Mar  6 19:13:34 team5linux kernel: [    3.334393] NET: Registered PF_PACKET protocol family
Mar  6 19:13:34 team5linux kernel: [    3.344390] Key type dns_resolver registered
Mar  6 19:13:34 team5linux kernel: [    3.351353] No MBM correction factor available
Mar  6 19:13:34 team5linux kernel: [    3.357834] IPI shorthand broadcast: enabled
Mar  6 19:13:34 team5linux kernel: [    3.363445] sched_clock: Marking stable (2319566536, 1043842864)->(4291450853, -928041453)
Mar  6 19:13:34 team5linux kernel: [    3.375048] registered taskstats version 1
Mar  6 19:13:34 team5linux kernel: [    3.380260] Loading compiled-in X.509 certificates
Mar  6 19:13:34 team5linux kernel: [    3.387743] Loaded X.509 cert 'Build time autogenerated kernel key: 9661695d80a98f99cb2df8c24334d09c0c25f561'
Mar  6 19:13:34 team5linux kernel: [    3.401878] Loaded X.509 cert 'Canonical Ltd. Live Patch Signing: 14df34d1a87cf37625abec039ef2bf521249b969'
Mar  6 19:13:34 team5linux kernel: [    3.414512] Loaded X.509 cert 'Canonical Ltd. Kernel Module Signing: 88f752e560a1e0737e31163a466ad7b70a850c19'
Mar  6 19:13:34 team5linux kernel: [    3.426846] blacklist: Loading compiled-in revocation X.509 certificates
Mar  6 19:13:34 team5linux kernel: [    3.432615] Loaded X.509 cert 'Canonical Ltd. Secure Boot Signing: 61482aa2830d0ab2ad5af10b7250da9033ddcef0'
Mar  6 19:13:34 team5linux kernel: [    3.440659] Loaded X.509 cert 'Canonical Ltd. Secure Boot Signing (2017): 242ade75ac4a15e50d50c84b0d45ff3eae707a03'
Mar  6 19:13:34 team5linux kernel: [    3.451944] Loaded X.509 cert 'Canonical Ltd. Secure Boot Signing (ESM 2018): 365188c1d374d6b07c3c8f240f8ef722433d6a8b'
Mar  6 19:13:34 team5linux kernel: [    3.465515] Loaded X.509 cert 'Canonical Ltd. Secure Boot Signing (2019): c0746fd6c5da3ae827864651ad66ae47fe24b3e8'
Mar  6 19:13:34 team5linux kernel: [    3.477420] Loaded X.509 cert 'Canonical Ltd. Secure Boot Signing (2021 v1): a8d54bbb3825cfb94fa13c9f8a594a195c107b8d'
Mar  6 19:13:34 team5linux kernel: [    3.487498] Loaded X.509 cert 'Canonical Ltd. Secure Boot Signing (2021 v2): 4cf046892d6fd3c9a5b03f98d845f90851dc6a8c'
Mar  6 19:13:34 team5linux kernel: [    3.496802] Loaded X.509 cert 'Canonical Ltd. Secure Boot Signing (2021 v3): 100437bb6de6e469b581e61cd66bce3ef4ed53af'
Mar  6 19:13:34 team5linux kernel: [    3.509667] Loaded X.509 cert 'Canonical Ltd. Secure Boot Signing (Ubuntu Core 2019): c1d57b8f6b743f23ee41f4f7ee292f06eecadfb9'
Mar  6 19:13:34 team5linux kernel: [    3.524237] zswap: loaded using pool lzo/zbud
Mar  6 19:13:34 team5linux kernel: [    3.528851] Key type .fscrypt registered
Mar  6 19:13:34 team5linux kernel: [    3.532493] Key type fscrypt-provisioning registered
Mar  6 19:13:34 team5linux kernel: [    3.542042] Key type encrypted registered
Mar  6 19:13:34 team5linux kernel: [    3.548805] AppArmor: AppArmor sha1 policy hashing enabled
Mar  6 19:13:34 team5linux kernel: [    3.554965] ima: No TPM chip found, activating TPM-bypass!
Mar  6 19:13:34 team5linux kernel: [    3.560284] Loading compiled-in module X.509 certificates
Mar  6 19:13:34 team5linux kernel: [    3.566203] Loaded X.509 cert 'Build time autogenerated kernel key: 9661695d80a98f99cb2df8c24334d09c0c25f561'
Mar  6 19:13:34 team5linux kernel: [    3.578005] ima: Allocated hash algorithm: sha1
Mar  6 19:13:34 team5linux kernel: [    3.585190] ima: No architecture policies found
Mar  6 19:13:34 team5linux kernel: [    3.592882] evm: Initialising EVM extended attributes:
Mar  6 19:13:34 team5linux kernel: [    3.600322] evm: security.selinux
Mar  6 19:13:34 team5linux kernel: [    3.605923] evm: security.SMACK64
Mar  6 19:13:34 team5linux kernel: [    3.611397] evm: security.SMACK64EXEC
Mar  6 19:13:34 team5linux kernel: [    3.618082] evm: security.SMACK64TRANSMUTE
Mar  6 19:13:34 team5linux kernel: [    3.625652] evm: security.SMACK64MMAP
Mar  6 19:13:34 team5linux kernel: [    3.632573] evm: security.apparmor
Mar  6 19:13:34 team5linux kernel: [    3.638678] evm: security.ima
Mar  6 19:13:34 team5linux kernel: [    3.643778] evm: security.capability
Mar  6 19:13:34 team5linux kernel: [    3.649342] evm: HMAC attrs: 0x1
Mar  6 19:13:34 team5linux kernel: [    3.655146] PM:   Magic number: 15:64:192
Mar  6 19:13:34 team5linux kernel: [    3.661932] acpi device:1e: hash matches
Mar  6 19:13:34 team5linux kernel: [    3.668753] RAS: Correctable Errors collector initialized.
Mar  6 19:13:34 team5linux kernel: [    3.678953] md: Waiting for all devices to be available before autodetect
Mar  6 19:13:34 team5linux kernel: [    3.688588] md: If you don't use raid, use raid=noautodetect
